Archive member included to satisfy reference by file (symbol)

/opt/devkitpro/libgba/lib/libgba.a(interrupt.o)
                              template.o (irqInit)
/opt/devkitpro/libgba/lib/libgba.a(console.o)
                              template.o (consoleDemoInit)
/opt/devkitpro/libgba/lib/libgba.a(InterruptDispatcher.o)
                              /opt/devkitpro/libgba/lib/libgba.a(interrupt.o) (IntrMain)
/opt/devkitpro/libgba/lib/libgba.a(amiga.fnt.o)
                              /opt/devkitpro/libgba/lib/libgba.a(console.o) (amiga_fnt_size)
/opt/devkitpro/libgba/lib/libgba.a(CpuSet.o)
                              /opt/devkitpro/libgba/lib/libgba.a(console.o) (CpuFastSet)
/opt/devkitpro/devkitARM/bin/../lib/gcc/arm-none-eabi/12.2.0/../../../../arm-none-eabi/lib/thumb/libg.a(lib_a-init.o)
                              /opt/devkitpro/devkitARM/bin/../lib/gcc/arm-none-eabi/12.2.0/../../../../arm-none-eabi/lib/thumb/gba_crt0.o (__libc_init_array)
/opt/devkitpro/devkitARM/bin/../lib/gcc/arm-none-eabi/12.2.0/../../../../arm-none-eabi/lib/thumb/libg.a(lib_a-iprintf.o)
                              template.o (iprintf)
/opt/devkitpro/devkitARM/bin/../lib/gcc/arm-none-eabi/12.2.0/../../../../arm-none-eabi/lib/thumb/libg.a(lib_a-setvbuf.o)
                              /opt/devkitpro/libgba/lib/libgba.a(console.o) (setvbuf)
/opt/devkitpro/devkitARM/bin/../lib/gcc/arm-none-eabi/12.2.0/../../../../arm-none-eabi/lib/thumb/libg.a(lib_a-siscanf.o)
                              /opt/devkitpro/libgba/lib/libgba.a(console.o) (siscanf)
/opt/devkitpro/devkitARM/bin/../lib/gcc/arm-none-eabi/12.2.0/../../../../arm-none-eabi/lib/thumb/libg.a(lib_a-stdio.o)
                              /opt/devkitpro/devkitARM/bin/../lib/gcc/arm-none-eabi/12.2.0/../../../../arm-none-eabi/lib/thumb/libg.a(lib_a-siscanf.o) (__seofread)
/opt/devkitpro/devkitARM/bin/../lib/gcc/arm-none-eabi/12.2.0/../../../../arm-none-eabi/lib/thumb/libg.a(lib_a-strlen-stub.o)
                              /opt/devkitpro/devkitARM/bin/../lib/gcc/arm-none-eabi/12.2.0/../../../../arm-none-eabi/lib/thumb/libg.a(lib_a-siscanf.o) (strlen)
/opt/devkitpro/devkitARM/bin/../lib/gcc/arm-none-eabi/12.2.0/../../../../arm-none-eabi/lib/thumb/libg.a(lib_a-svfiscanf.o)
                              /opt/devkitpro/devkitARM/bin/../lib/gcc/arm-none-eabi/12.2.0/../../../../arm-none-eabi/lib/thumb/libg.a(lib_a-siscanf.o) (__ssvfiscanf_r)
/opt/devkitpro/devkitARM/bin/../lib/gcc/arm-none-eabi/12.2.0/../../../../arm-none-eabi/lib/thumb/libg.a(lib_a-ungetc.o)
                              /opt/devkitpro/devkitARM/bin/../lib/gcc/arm-none-eabi/12.2.0/../../../../arm-none-eabi/lib/thumb/libg.a(lib_a-svfiscanf.o) (__submore)
/opt/devkitpro/devkitARM/bin/../lib/gcc/arm-none-eabi/12.2.0/../../../../arm-none-eabi/lib/thumb/libg.a(lib_a-vfiprintf.o)
                              /opt/devkitpro/devkitARM/bin/../lib/gcc/arm-none-eabi/12.2.0/../../../../arm-none-eabi/lib/thumb/libg.a(lib_a-iprintf.o) (_vfiprintf_r)
/opt/devkitpro/devkitARM/bin/../lib/gcc/arm-none-eabi/12.2.0/../../../../arm-none-eabi/lib/thumb/libg.a(lib_a-wcrtomb.o)
                              /opt/devkitpro/devkitARM/bin/../lib/gcc/arm-none-eabi/12.2.0/../../../../arm-none-eabi/lib/thumb/libg.a(lib_a-vfiprintf.o) (_wcrtomb_r)
/opt/devkitpro/devkitARM/bin/../lib/gcc/arm-none-eabi/12.2.0/../../../../arm-none-eabi/lib/thumb/libg.a(lib_a-wcsrtombs.o)
                              /opt/devkitpro/devkitARM/bin/../lib/gcc/arm-none-eabi/12.2.0/../../../../arm-none-eabi/lib/thumb/libg.a(lib_a-vfiprintf.o) (_wcsrtombs_r)
/opt/devkitpro/devkitARM/bin/../lib/gcc/arm-none-eabi/12.2.0/../../../../arm-none-eabi/lib/thumb/libg.a(lib_a-wsetup.o)
                              /opt/devkitpro/devkitARM/bin/../lib/gcc/arm-none-eabi/12.2.0/../../../../arm-none-eabi/lib/thumb/libg.a(lib_a-vfiprintf.o) (__swsetup_r)
/opt/devkitpro/devkitARM/bin/../lib/gcc/arm-none-eabi/12.2.0/../../../../arm-none-eabi/lib/thumb/libg.a(lib_a-ctype_.o)
                              /opt/devkitpro/devkitARM/bin/../lib/gcc/arm-none-eabi/12.2.0/../../../../arm-none-eabi/lib/thumb/libg.a(lib_a-svfiscanf.o) (_ctype_)
/opt/devkitpro/devkitARM/bin/../lib/gcc/arm-none-eabi/12.2.0/../../../../arm-none-eabi/lib/thumb/libg.a(lib_a-fflush.o)
                              /opt/devkitpro/devkitARM/bin/../lib/gcc/arm-none-eabi/12.2.0/../../../../arm-none-eabi/lib/thumb/libg.a(lib_a-setvbuf.o) (_fflush_r)
/opt/devkitpro/devkitARM/bin/../lib/gcc/arm-none-eabi/12.2.0/../../../../arm-none-eabi/lib/thumb/libg.a(lib_a-findfp.o)
                              /opt/devkitpro/devkitARM/bin/../lib/gcc/arm-none-eabi/12.2.0/../../../../arm-none-eabi/lib/thumb/libg.a(lib_a-setvbuf.o) (__sinit)
/opt/devkitpro/devkitARM/bin/../lib/gcc/arm-none-eabi/12.2.0/../../../../arm-none-eabi/lib/thumb/libg.a(lib_a-freer.o)
                              /opt/devkitpro/devkitARM/bin/../lib/gcc/arm-none-eabi/12.2.0/../../../../arm-none-eabi/lib/thumb/libg.a(lib_a-setvbuf.o) (_free_r)
[...]
Memory Configuration

Name             Origin             Length             Attributes
rom              0x0000000008000000 0x0000000002000000
iwram            0x0000000003000000 0x0000000000008000
ewram            0x0000000002000000 0x0000000000040000
*default*        0x0000000000000000 0xffffffffffffffff

Linker script and memory map

                0x0000000008000000                __text_start = ORIGIN (rom)
                0x0000000002040000                __eheap_end = (ORIGIN (ewram) + LENGTH (ewram))
                0x0000000003000000                __iwram_start = ORIGIN (iwram)
                0x0000000003008000                __iwram_top = (ORIGIN (iwram) + LENGTH (iwram))
                0x0000000003007fa0                __sp_irq = (__iwram_top - 0x60)
                0x0000000003007f00                __sp_usr = (__sp_irq - 0xa0)
                0x0000000003007ff8                __irq_flags = 0x3007ff8
                0x0000000008000000                . = __text_start

.crt0           0x0000000008000000      0x210
 *(.crt0)
 .crt0          0x0000000008000000      0x210 /opt/devkitpro/devkitARM/bin/../lib/gcc/arm-none-eabi/12.2.0/../../../../arm-none-eabi/lib/thumb/gba_crt0.o
                0x0000000008000000                _start
                0x00000000080000c4                __boot_method
                0x00000000080000c5                __slave_number
                0x00000000080000e0                start_vector
                0x0000000008000210                . = ALIGN (0x4)

.init           0x0000000008000210        0xc
 *(SORT_NONE(.init))
 .init          0x0000000008000210        0x4 /opt/devkitpro/devkitARM/bin/../lib/gcc/arm-none-eabi/12.2.0/thumb/crti.o
                0x0000000008000210                _init
 .init          0x0000000008000214        0x8 /opt/devkitpro/devkitARM/bin/../lib/gcc/arm-none-eabi/12.2.0/thumb/crtn.o

.plt            0x000000000800021c        0x0
 *(.plt)
                0x000000000800021c                . = ALIGN (0x4)

.text           0x0000000008000220     0x78a8
 *(EXCLUDE_FILE(*.iwram*) .text*)
 .text.__do_global_dtors_aux
                0x0000000008000220       0x2c /opt/devkitpro/devkitARM/bin/../lib/gcc/arm-none-eabi/12.2.0/thumb/crtbegin.o
 .text.frame_dummy
                0x000000000800024c       0x24 /opt/devkitpro/devkitARM/bin/../lib/gcc/arm-none-eabi/12.2.0/thumb/crtbegin.o
 .text.startup  0x0000000008000270       0x20 template.o
                0x0000000008000270                main
 .text          0x0000000008000290      0x3b8 /opt/devkitpro/libgba/lib/libgba.a(interrupt.o)
                0x0000000008000290                dummy
                0x0000000008000294                InitInterrupt
                0x00000000080002f0                irqInit
                0x000000000800034c                SetInterrupt
                0x0000000008000430                irqSet
                0x0000000008000514                EnableInterrupt
                0x0000000008000560                irqEnable
                0x00000000080005b0                DisableInterrupt
                0x00000000080005fc                irqDisable
 .text          0x0000000008000648      0x5ac /opt/devkitpro/libgba/lib/libgba.a(console.o)
                0x0000000008000648                con_read
                0x0000000008000650                con_close
                0x0000000008000658                con_open
                0x0000000008000668                con_write
                0x00000000080008b0                consoleCls
                0x00000000080008e0                upcvt_4bit
                0x0000000008000934                consoleInit
                0x0000000008000a30                consoleDemoInit
                0x0000000008000b30                consolePrintChar
 .text          0x0000000008000bf4        0x8 /opt/devkitpro/libgba/lib/libgba.a(CpuSet.o)
                0x0000000008000bf4                CpuSet
                0x0000000008000bf8                CpuFastSet
 .text.__libc_init_array
                0x0000000008000bfc       0x54 /opt/devkitpro/devkitARM/bin/../lib/gcc/arm-none-eabi/12.2.0/../../../../arm-none-eabi/lib/thumb/libg.a(lib_a-init.o)
                0x0000000008000bfc                __libc_init_array
 .text.iprintf  0x0000000008000c50       0x24 /opt/devkitpro/devkitARM/bin/../lib/gcc/arm-none-eabi/12.2.0/../../../../arm-none-eabi/lib/thumb/libg.a(lib_a-iprintf.o)
                0x0000000008000c50                iprintf
 .text.setvbuf  0x0000000008000c74      0x19c /opt/devkitpro/devkitARM/bin/../lib/gcc/arm-none-eabi/12.2.0/../../../../arm-none-eabi/lib/thumb/libg.a(lib_a-setvbuf.o)
                0x0000000008000c74                setvbuf
 .text.siscanf  0x0000000008000e10       0x4c /opt/devkitpro/devkitARM/bin/../lib/gcc/arm-none-eabi/12.2.0/../../../../arm-none-eabi/lib/thumb/libg.a(lib_a-siscanf.o)
                0x0000000008000e10                siscanf
 .text.__sread  0x0000000008000e5c       0x34 /opt/devkitpro/devkitARM/bin/../lib/gcc/arm-none-eabi/12.2.0/../../../../arm-none-eabi/lib/thumb/libg.a(lib_a-stdio.o)
                0x0000000008000e5c                __sread
 .text.__seofread
                0x0000000008000e90        0x4 /opt/devkitpro/devkitARM/bin/../lib/gcc/arm-none-eabi/12.2.0/../../../../arm-none-eabi/lib/thumb/libg.a(lib_a-stdio.o)
                0x0000000008000e90                __seofread
 .text.__swrite
                0x0000000008000e94       0x4c /opt/devkitpro/devkitARM/bin/../lib/gcc/arm-none-eabi/12.2.0/../../../../arm-none-eabi/lib/thumb/libg.a(lib_a-stdio.o)
                0x0000000008000e94                __swrite
 .text.__sseek  0x0000000008000ee0       0x44 /opt/devkitpro/devkitARM/bin/../lib/gcc/arm-none-eabi/12.2.0/../../../../arm-none-eabi/lib/thumb/libg.a(lib_a-stdio.o)
                0x0000000008000ee0                __sseek
 .text.__sclose
                0x0000000008000f24       0x10 /opt/devkitpro/devkitARM/bin/../lib/gcc/arm-none-eabi/12.2.0/../../../../arm-none-eabi/lib/thumb/libg.a(lib_a-stdio.o)
                0x0000000008000f24                __sclose
 .text.strlen   0x0000000008000f34       0x60 /opt/devkitpro/devkitARM/bin/../lib/gcc/arm-none-eabi/12.2.0/../../../../arm-none-eabi/lib/thumb/libg.a(lib_a-strlen-stub.o)
                0x0000000008000f34                strlen
 .text.get_arg  0x0000000008000f94       0x32 /opt/devkitpro/devkitARM/bin/../lib/gcc/arm-none-eabi/12.2.0/../../../../arm-none-eabi/lib/thumb/libg.a(lib_a-svfiscanf.o)
 .text._sungetc_r
                0x0000000008000fc6       0x7e /opt/devkitpro/devkitARM/bin/../lib/gcc/arm-none-eabi/12.2.0/../../../../arm-none-eabi/lib/thumb/libg.a(lib_a-svfiscanf.o)
                0x0000000008000fc6                _sungetc_r
 .text.__ssrefill_r
                0x0000000008001044       0x42 /opt/devkitpro/devkitARM/bin/../lib/gcc/arm-none-eabi/12.2.0/../../../../arm-none-eabi/lib/thumb/libg.a(lib_a-svfiscanf.o)
                0x0000000008001044                __ssrefill_r
 .text._sfread_r
                0x0000000008001086       0x88 /opt/devkitpro/devkitARM/bin/../lib/gcc/arm-none-eabi/12.2.0/../../../../arm-none-eabi/lib/thumb/libg.a(lib_a-svfiscanf.o)
                0x0000000008001086                _sfread_r
 *fill*         0x000000000800110e        0x2 ff
 .text.__ssvfiscanf_r
                0x0000000008001110     0x1ae0 /opt/devkitpro/devkitARM/bin/../lib/gcc/arm-none-eabi/12.2.0/../../../../arm-none-eabi/lib/thumb/libg.a(lib_a-svfiscanf.o)
                0x0000000008001110                __ssvfiscanf_r
 .text.__submore
                0x0000000008002bf0       0x88 /opt/devkitpro/devkitARM/bin/../lib/gcc/arm-none-eabi/12.2.0/../../../../arm-none-eabi/lib/thumb/libg.a(lib_a-ungetc.o)
                0x0000000008002bf0                __submore
 .text.get_arg  0x0000000008002c78      0x42c /opt/devkitpro/devkitARM/bin/../lib/gcc/arm-none-eabi/12.2.0/../../../../arm-none-eabi/lib/thumb/libg.a(lib_a-vfiprintf.o)
 .text.__sprint_r
                0x00000000080030a4       0x24 /opt/devkitpro/devkitARM/bin/../lib/gcc/arm-none-eabi/12.2.0/../../../../arm-none-eabi/lib/thumb/libg.a(lib_a-vfiprintf.o)
                0x00000000080030a4                __sprint_r
 .text._vfiprintf_r
                0x00000000080030c8     0x173c /opt/devkitpro/devkitARM/bin/../lib/gcc/arm-none-eabi/12.2.0/../../../../arm-none-eabi/lib/thumb/libg.a(lib_a-vfiprintf.o)
                0x00000000080030c8                _vfiprintf_r
 .text.__sbprintf
                0x0000000008004804       0x8c /opt/devkitpro/devkitARM/bin/../lib/gcc/arm-none-eabi/12.2.0/../../../../arm-none-eabi/lib/thumb/libg.a(lib_a-vfiprintf.o)
 .text._wcrtomb_r
                0x0000000008004890       0x5c /opt/devkitpro/devkitARM/bin/../lib/gcc/arm-none-eabi/12.2.0/../../../../arm-none-eabi/lib/thumb/libg.a(lib_a-wcrtomb.o)
                0x0000000008004890                _wcrtomb_r
 .text._wcsrtombs_r
                0x00000000080048ec       0x1c /opt/devkitpro/devkitARM/bin/../lib/gcc/arm-none-eabi/12.2.0/../../../../arm-none-eabi/lib/thumb/libg.a(lib_a-wcsrtombs.o)
                0x00000000080048ec                _wcsrtombs_r
 .text.__swsetup_r
                0x0000000008004908       0xd0 /opt/devkitpro/devkitARM/bin/../lib/gcc/arm-none-eabi/12.2.0/../../../../arm-none-eabi/lib/thumb/libg.a(lib_a-wsetup.o)
                0x0000000008004908                __swsetup_r
 .text.__sflush_r
                0x00000000080049d8      0x18c /opt/devkitpro/devkitARM/bin/../lib/gcc/arm-none-eabi/12.2.0/../../../../arm-none-eabi/lib/thumb/libg.a(lib_a-fflush.o)
                0x00000000080049d8                __sflush_r
 .text._fflush_r
                0x0000000008004b64       0x70 /opt/devkitpro/devkitARM/bin/../lib/gcc/arm-none-eabi/12.2.0/../../../../arm-none-eabi/lib/thumb/libg.a(lib_a-fflush.o)
                0x0000000008004b64                _fflush_r
 .text._cleanup_r
                0x0000000008004bd4       0x14 /opt/devkitpro/devkitARM/bin/../lib/gcc/arm-none-eabi/12.2.0/../../../../arm-none-eabi/lib/thumb/libg.a(lib_a-findfp.o)
                0x0000000008004bd4                _cleanup_r
 .text.__sinit  0x0000000008004be8      0x124 /opt/devkitpro/devkitARM/bin/../lib/gcc/arm-none-eabi/12.2.0/../../../../arm-none-eabi/lib/thumb/libg.a(lib_a-findfp.o)
                0x0000000008004be8                __sinit
 .text.__sfp_lock_acquire
                0x0000000008004d0c       0x14 /opt/devkitpro/devkitARM/bin/../lib/gcc/arm-none-eabi/12.2.0/../../../../arm-none-eabi/lib/thumb/libg.a(lib_a-findfp.o)
                0x0000000008004d0c                __sfp_lock_acquire
 .text.__sfp_lock_release
                0x0000000008004d20       0x14 /opt/devkitpro/devkitARM/bin/../lib/gcc/arm-none-eabi/12.2.0/../../../../arm-none-eabi/lib/thumb/libg.a(lib_a-findfp.o)
                0x0000000008004d20                __sfp_lock_release
 .text._malloc_trim_r
                0x0000000008004d34       0xac /opt/devkitpro/devkitARM/bin/../lib/gcc/arm-none-eabi/12.2.0/../../../../arm-none-eabi/lib/thumb/libg.a(lib_a-freer.o)
                0x0000000008004d34                _malloc_trim_r
 .text._free_r  0x0000000008004de0      0x1d8 /opt/devkitpro/devkitARM/bin/../lib/gcc/arm-none-eabi/12.2.0/../../../../arm-none-eabi/lib/thumb/libg.a(lib_a-freer.o)
                0x0000000008004de0                _free_r
 .text.__sfvwrite_r
                0x0000000008004fb8      0x334 /opt/devkitpro/devkitARM/bin/../lib/gcc/arm-none-eabi/12.2.0/../../../../arm-none-eabi/lib/thumb/libg.a(lib_a-fvwrite.o)
                0x0000000008004fb8                __sfvwrite_r
 .text._fwalk_reent
                0x00000000080052ec       0x50 /opt/devkitpro/devkitARM/bin/../lib/gcc/arm-none-eabi/12.2.0/../../../../arm-none-eabi/lib/thumb/libg.a(lib_a-fwalk.o)
                0x00000000080052ec                _fwalk_reent
 .text.iswspace
                0x000000000800533c       0x10 /opt/devkitpro/devkitARM/bin/../lib/gcc/arm-none-eabi/12.2.0/../../../../arm-none-eabi/lib/thumb/libg.a(lib_a-iswspace.o)
                0x000000000800533c                iswspace
 .text._localeconv_r
                0x000000000800534c        0x8 /opt/devkitpro/devkitARM/bin/../lib/gcc/arm-none-eabi/12.2.0/../../../../arm-none-eabi/lib/thumb/libg.a(lib_a-localeconv.o)
                0x000000000800534c                _localeconv_r
 .text.__locale_mb_cur_max
                0x0000000008005354       0x10 /opt/devkitpro/devkitARM/bin/../lib/gcc/arm-none-eabi/12.2.0/../../../../arm-none-eabi/lib/thumb/libg.a(lib_a-locale.o)
                0x0000000008005354                __locale_mb_cur_max
 .text.__smakebuf_r
                0x0000000008005364       0xf0 /opt/devkitpro/devkitARM/bin/../lib/gcc/arm-none-eabi/12.2.0/../../../../arm-none-eabi/lib/thumb/libg.a(lib_a-makebuf.o)
                0x0000000008005364                __smakebuf_r
 .text.__swhatbuf_r
                0x0000000008005454       0x5c /opt/devkitpro/devkitARM/bin/../lib/gcc/arm-none-eabi/12.2.0/../../../../arm-none-eabi/lib/thumb/libg.a(lib_a-makebuf.o)
                0x0000000008005454                __swhatbuf_r
 .text.malloc   0x00000000080054b0       0x14 /opt/devkitpro/devkitARM/bin/../lib/gcc/arm-none-eabi/12.2.0/../../../../arm-none-eabi/lib/thumb/libg.a(lib_a-malloc.o)
                0x00000000080054b0                malloc
 .text.free     0x00000000080054c4       0x14 /opt/devkitpro/devkitARM/bin/../lib/gcc/arm-none-eabi/12.2.0/../../../../arm-none-eabi/lib/thumb/libg.a(lib_a-malloc.o)
                0x00000000080054c4                free
 .text._malloc_r
                0x00000000080054d8      0x560 /opt/devkitpro/devkitARM/bin/../lib/gcc/arm-none-eabi/12.2.0/../../../../arm-none-eabi/lib/thumb/libg.a(lib_a-mallocr.o)
                0x00000000080054d8                _malloc_r
 .text._mbrtowc_r
                0x0000000008005a38       0x60 /opt/devkitpro/devkitARM/bin/../lib/gcc/arm-none-eabi/12.2.0/../../../../arm-none-eabi/lib/thumb/libg.a(lib_a-mbrtowc.o)
                0x0000000008005a38                _mbrtowc_r
 .text.__utf8_mbtowc
                0x0000000008005a98      0x27c /opt/devkitpro/devkitARM/bin/../lib/gcc/arm-none-eabi/12.2.0/../../../../arm-none-eabi/lib/thumb/libg.a(lib_a-mbtowc_r.o)
                0x0000000008005a98                __utf8_mbtowc
 .text.memchr   0x0000000008005d14       0x78 /opt/devkitpro/devkitARM/bin/../lib/gcc/arm-none-eabi/12.2.0/../../../../arm-none-eabi/lib/thumb/libg.a(lib_a-memchr-stub.o)
                0x0000000008005d14                memchr
 .text.memcpy   0x0000000008005d8c       0x94 /opt/devkitpro/devkitARM/bin/../lib/gcc/arm-none-eabi/12.2.0/../../../../arm-none-eabi/lib/thumb/libg.a(lib_a-memcpy-stub.o)
                0x0000000008005d8c                memcpy
 .text.memmove  0x0000000008005e20       0xc0 /opt/devkitpro/devkitARM/bin/../lib/gcc/arm-none-eabi/12.2.0/../../../../arm-none-eabi/lib/thumb/libg.a(lib_a-memmove.o)
                0x0000000008005e20                memmove
 .text.memset   0x0000000008005ee0       0xb0 /opt/devkitpro/devkitARM/bin/../lib/gcc/arm-none-eabi/12.2.0/../../../../arm-none-eabi/lib/thumb/libg.a(lib_a-memset.o)
                0x0000000008005ee0                memset
 .text.__malloc_lock
                0x0000000008005f90       0x14 /opt/devkitpro/devkitARM/bin/../lib/gcc/arm-none-eabi/12.2.0/../../../../arm-none-eabi/lib/thumb/libg.a(lib_a-mlock.o)
                0x0000000008005f90                __malloc_lock
 .text.__malloc_unlock
                0x0000000008005fa4       0x14 /opt/devkitpro/devkitARM/bin/../lib/gcc/arm-none-eabi/12.2.0/../../../../arm-none-eabi/lib/thumb/libg.a(lib_a-mlock.o)
                0x0000000008005fa4                __malloc_unlock
 .text.realloc  0x0000000008005fb8       0x18 /opt/devkitpro/devkitARM/bin/../lib/gcc/arm-none-eabi/12.2.0/../../../../arm-none-eabi/lib/thumb/libg.a(lib_a-realloc.o)
                0x0000000008005fb8                realloc
 .text._realloc_r
                0x0000000008005fd0      0x384 /opt/devkitpro/devkitARM/bin/../lib/gcc/arm-none-eabi/12.2.0/../../../../arm-none-eabi/lib/thumb/libg.a(lib_a-reallocr.o)
                0x0000000008005fd0                _realloc_r
 .text.__sccl   0x0000000008006354       0x90 /opt/devkitpro/devkitARM/bin/../lib/gcc/arm-none-eabi/12.2.0/../../../../arm-none-eabi/lib/thumb/libg.a(lib_a-sccl.o)
                0x0000000008006354                __sccl
 .text          0x00000000080063e4      0x224 /opt/devkitpro/devkitARM/bin/../lib/gcc/arm-none-eabi/12.2.0/../../../../arm-none-eabi/lib/thumb/libg.a(lib_a-strcmp.o)
                0x00000000080063e4                strcmp
 .text.strncpy  0x0000000008006608       0x68 /opt/devkitpro/devkitARM/bin/../lib/gcc/arm-none-eabi/12.2.0/../../../../arm-none-eabi/lib/thumb/libg.a(lib_a-strncpy.o)
                0x0000000008006608                strncpy
 .text._strtoll_l.constprop.0
                0x0000000008006670      0x1a0 /opt/devkitpro/devkitARM/bin/../lib/gcc/arm-none-eabi/12.2.0/../../../../arm-none-eabi/lib/thumb/libg.a(lib_a-strtoll.o)
 .text._strtoll_r
                0x0000000008006810        0xc /opt/devkitpro/devkitARM/bin/../lib/gcc/arm-none-eabi/12.2.0/../../../../arm-none-eabi/lib/thumb/libg.a(lib_a-strtoll.o)
                0x0000000008006810                _strtoll_r
 .text._strtol_l.part.0
                0x000000000800681c      0x144 /opt/devkitpro/devkitARM/bin/../lib/gcc/arm-none-eabi/12.2.0/../../../../arm-none-eabi/lib/thumb/libg.a(lib_a-strtol.o)
 .text._strtol_r
                0x0000000008006960       0x20 /opt/devkitpro/devkitARM/bin/../lib/gcc/arm-none-eabi/12.2.0/../../../../arm-none-eabi/lib/thumb/libg.a(lib_a-strtol.o)
                0x0000000008006960                _strtol_r
 .text._strtoull_l.constprop.0
                0x0000000008006980      0x1bc /opt/devkitpro/devkitARM/bin/../lib/gcc/arm-none-eabi/12.2.0/../../../../arm-none-eabi/lib/thumb/libg.a(lib_a-strtoull.o)
 .text._strtoull_r
                0x0000000008006b3c        0xc /opt/devkitpro/devkitARM/bin/../lib/gcc/arm-none-eabi/12.2.0/../../../../arm-none-eabi/lib/thumb/libg.a(lib_a-strtoull.o)
                0x0000000008006b3c                _strtoull_r
 .text._strtoul_l.constprop.0
                0x0000000008006b48      0x144 /opt/devkitpro/devkitARM/bin/../lib/gcc/arm-none-eabi/12.2.0/../../../../arm-none-eabi/lib/thumb/libg.a(lib_a-strtoul.o)
 .text._strtoul_r
                0x0000000008006c8c        0xc /opt/devkitpro/devkitARM/bin/../lib/gcc/arm-none-eabi/12.2.0/../../../../arm-none-eabi/lib/thumb/libg.a(lib_a-strtoul.o)
                0x0000000008006c8c                _strtoul_r
 .text._wcsnrtombs_l
                0x0000000008006c98      0x11c /opt/devkitpro/devkitARM/bin/../lib/gcc/arm-none-eabi/12.2.0/../../../../arm-none-eabi/lib/thumb/libg.a(lib_a-wcsnrtombs.o)
                0x0000000008006c98                _wcsnrtombs_l
 .text._wcsnrtombs_r
                0x0000000008006db4       0x30 /opt/devkitpro/devkitARM/bin/../lib/gcc/arm-none-eabi/12.2.0/../../../../arm-none-eabi/lib/thumb/libg.a(lib_a-wcsnrtombs.o)
                0x0000000008006db4                _wcsnrtombs_r
 .text.__utf8_wctomb
                0x0000000008006de4       0xb4 /opt/devkitpro/devkitARM/bin/../lib/gcc/arm-none-eabi/12.2.0/../../../../arm-none-eabi/lib/thumb/libg.a(lib_a-wctomb_r.o)
                0x0000000008006de4                __utf8_wctomb
 .text.__errno  0x0000000008006e98        0xc /opt/devkitpro/devkitARM/bin/../lib/gcc/arm-none-eabi/12.2.0/../../../../arm-none-eabi/lib/thumb/libg.a(lib_a-errno.o)
                0x0000000008006e98                __errno
 .text._fclose_r
                0x0000000008006ea4       0xe4 /opt/devkitpro/devkitARM/bin/../lib/gcc/arm-none-eabi/12.2.0/../../../../arm-none-eabi/lib/thumb/libg.a(lib_a-fclose.o)
                0x0000000008006ea4                _fclose_r
 .text.iswspace_l
                0x0000000008006f88       0x2c /opt/devkitpro/devkitARM/bin/../lib/gcc/arm-none-eabi/12.2.0/../../../../arm-none-eabi/lib/thumb/libg.a(lib_a-iswspace_l.o)
                0x0000000008006f88                iswspace_l
 .text.__jp2uc  0x0000000008006fb4      0x14c /opt/devkitpro/devkitARM/bin/../lib/gcc/arm-none-eabi/12.2.0/../../../../arm-none-eabi/lib/thumb/libg.a(lib_a-jp2uc.o)
 .text._jp2uc_l
                0x0000000008007100       0x6c /opt/devkitpro/devkitARM/bin/../lib/gcc/arm-none-eabi/12.2.0/../../../../arm-none-eabi/lib/thumb/libg.a(lib_a-jp2uc.o)
                0x0000000008007100                _jp2uc_l
 .text.category
                0x000000000800716c       0x54 /opt/devkitpro/devkitARM/bin/../lib/gcc/arm-none-eabi/12.2.0/../../../../arm-none-eabi/lib/thumb/libg.a(lib_a-categories.o)
                0x000000000800716c                category
 .text.null_write
                0x00000000080071c0        0x4 /opt/devkitpro/devkitARM/bin/../lib/gcc/arm-none-eabi/12.2.0/../../../../arm-none-eabi/lib/thumb/libsysbase.a(iosupport.o)
 .text._fstat_r
                0x00000000080071c4       0x4c /opt/devkitpro/devkitARM/bin/../lib/gcc/arm-none-eabi/12.2.0/../../../../arm-none-eabi/lib/thumb/libsysbase.a(fstat.o)
                0x00000000080071c4                _fstat_r
 .text._isatty_r
                0x0000000008007210        0x4 /opt/devkitpro/devkitARM/bin/../lib/gcc/arm-none-eabi/12.2.0/../../../../arm-none-eabi/lib/thumb/libsysbase.a(isatty.o)
                0x0000000008007210                _isatty_r
 .text._lseek_r
                0x0000000008007214       0x5c /opt/devkitpro/devkitARM/bin/../lib/gcc/arm-none-eabi/12.2.0/../../../../arm-none-eabi/lib/thumb/libsysbase.a(lseek.o)
                0x0000000008007214                _lseek_r
 .text._read_r  0x0000000008007270       0x50 /opt/devkitpro/devkitARM/bin/../lib/gcc/arm-none-eabi/12.2.0/../../../../arm-none-eabi/lib/thumb/libsysbase.a(read.o)
                0x0000000008007270                _read_r
 .text._sbrk_r  0x00000000080072c0       0x54 /opt/devkitpro/devkitARM/bin/../lib/gcc/arm-none-eabi/12.2.0/../../../../arm-none-eabi/lib/thumb/libsysbase.a(sbrk.o)
                0x00000000080072c0                _sbrk_r
 .text._write_r
                0x0000000008007314       0x50 /opt/devkitpro/devkitARM/bin/../lib/gcc/arm-none-eabi/12.2.0/../../../../arm-none-eabi/lib/thumb/libsysbase.a(write.o)
                0x0000000008007314                _write_r
 .text.__flockfile
                0x0000000008007364       0x10 /opt/devkitpro/devkitARM/bin/../lib/gcc/arm-none-eabi/12.2.0/../../../../arm-none-eabi/lib/thumb/libsysbase.a(flock.o)
                0x0000000008007364                __flockfile
 .text.__funlockfile
                0x0000000008007374       0x10 /opt/devkitpro/devkitARM/bin/../lib/gcc/arm-none-eabi/12.2.0/../../../../arm-none-eabi/lib/thumb/libsysbase.a(flock.o)
                0x0000000008007374                __funlockfile
 .text.__get_handle
                0x0000000008007384       0x34 /opt/devkitpro/devkitARM/bin/../lib/gcc/arm-none-eabi/12.2.0/../../../../arm-none-eabi/lib/thumb/libsysbase.a(handle_manager.o)
                0x0000000008007384                __get_handle
 .text._close_r
                0x00000000080073b8       0xb8 /opt/devkitpro/devkitARM/bin/../lib/gcc/arm-none-eabi/12.2.0/../../../../arm-none-eabi/lib/thumb/libsysbase.a(handle_manager.o)
                0x00000000080073b8                _close_r
 .text.__getreent
                0x0000000008007470       0x20 /opt/devkitpro/devkitARM/bin/../lib/gcc/arm-none-eabi/12.2.0/../../../../arm-none-eabi/lib/thumb/libsysbase.a(getreent.o)
                0x0000000008007470                __getreent
 .text.__libc_lock_acquire
                0x0000000008007490       0x18 /opt/devkitpro/devkitARM/bin/../lib/gcc/arm-none-eabi/12.2.0/../../../../arm-none-eabi/lib/thumb/libsysbase.a(syscall_support.o)
                0x0000000008007490                __libc_lock_acquire
 .text.__libc_lock_release
                0x00000000080074a8       0x18 /opt/devkitpro/devkitARM/bin/../lib/gcc/arm-none-eabi/12.2.0/../../../../arm-none-eabi/lib/thumb/libsysbase.a(syscall_support.o)
                0x00000000080074a8                __libc_lock_release
 .text.__libc_lock_init_recursive
                0x00000000080074c0       0x18 /opt/devkitpro/devkitARM/bin/../lib/gcc/arm-none-eabi/12.2.0/../../../../arm-none-eabi/lib/thumb/libsysbase.a(syscall_support.o)
                0x00000000080074c0                __libc_lock_init_recursive
 .text.__libc_lock_acquire_recursive
                0x00000000080074d8       0x18 /opt/devkitpro/devkitARM/bin/../lib/gcc/arm-none-eabi/12.2.0/../../../../arm-none-eabi/lib/thumb/libsysbase.a(syscall_support.o)
                0x00000000080074d8                __libc_lock_acquire_recursive
 .text.__libc_lock_release_recursive
                0x00000000080074f0       0x18 /opt/devkitpro/devkitARM/bin/../lib/gcc/arm-none-eabi/12.2.0/../../../../arm-none-eabi/lib/thumb/libsysbase.a(syscall_support.o)
                0x00000000080074f0                __libc_lock_release_recursive
 .text.__libc_lock_close_recursive
                0x0000000008007508       0x18 /opt/devkitpro/devkitARM/bin/../lib/gcc/arm-none-eabi/12.2.0/../../../../arm-none-eabi/lib/thumb/libsysbase.a(syscall_support.o)
                0x0000000008007508                __libc_lock_close_recursive
 .text          0x0000000008007520       0x14 /opt/devkitpro/devkitARM/bin/../lib/gcc/arm-none-eabi/12.2.0/thumb/libgcc.a(_thumb1_case_uqi.o)
                0x0000000008007520                __gnu_thumb1_case_uqi
 .text          0x0000000008007534       0x14 /opt/devkitpro/devkitARM/bin/../lib/gcc/arm-none-eabi/12.2.0/thumb/libgcc.a(_thumb1_case_uhi.o)
                0x0000000008007534                __gnu_thumb1_case_uhi
 .text          0x0000000008007548      0x11c /opt/devkitpro/devkitARM/bin/../lib/gcc/arm-none-eabi/12.2.0/thumb/libgcc.a(_udivsi3.o)
                0x0000000008007548                __udivsi3
                0x0000000008007548                __aeabi_uidiv
                0x0000000008007644                __aeabi_uidivmod
 .text          0x0000000008007664      0x150 /opt/devkitpro/devkitARM/bin/../lib/gcc/arm-none-eabi/12.2.0/thumb/libgcc.a(_divsi3.o)
                0x0000000008007664                __aeabi_idiv
                0x0000000008007664                __divsi3
                0x0000000008007794                __aeabi_idivmod
 .text          0x00000000080077b4        0x4 /opt/devkitpro/devkitARM/bin/../lib/gcc/arm-none-eabi/12.2.0/thumb/libgcc.a(_dvmd_tls.o)
                0x00000000080077b4                __aeabi_ldiv0
                0x00000000080077b4                __aeabi_idiv0
 .text          0x00000000080077b8       0x3c /opt/devkitpro/devkitARM/bin/../lib/gcc/arm-none-eabi/12.2.0/thumb/libgcc.a(_aeabi_uldivmod.o)
                0x00000000080077b8                __aeabi_uldivmod
 .text.__muldi3
                0x00000000080077f4       0x64 /opt/devkitpro/devkitARM/bin/../lib/gcc/arm-none-eabi/12.2.0/thumb/libgcc.a(_muldi3.o)
                0x00000000080077f4                __aeabi_lmul
                0x00000000080077f4                __muldi3
 .text.__udivmoddi4
                0x0000000008007858      0x19c /opt/devkitpro/devkitARM/bin/../lib/gcc/arm-none-eabi/12.2.0/thumb/libgcc.a(_udivmoddi4.o)
                0x0000000008007858                __udivmoddi4
 .text          0x00000000080079f4       0x28 /opt/devkitpro/devkitARM/bin/../lib/gcc/arm-none-eabi/12.2.0/thumb/libgcc.a(_clzdi2.o)
                0x00000000080079f4                __clzdi2
 .text          0x0000000008007a1c       0x48 /opt/devkitpro/devkitARM/bin/../lib/gcc/arm-none-eabi/12.2.0/thumb/libgcc.a(_clzsi2.o)
                0x0000000008007a1c                __clzsi2
 *fill*         0x0000000008007a64        0x4 ff
 .text.__stub   0x0000000008007a68       0x54 linker stubs
 *(.gnu.linkonce.t.*)
 *(.text.*personality*)
 *(.gnu.warning)
 *(.glue_7t)
 .glue_7t       0x0000000008007ac8        0x0 linker stubs
 *(.glue_7)
 .glue_7        0x0000000008007ac8        0x0 linker stubs
 *(.vfp11_veneer)
 .vfp11_veneer  0x0000000008007ac8        0x0 linker stubs
                0x0000000008007ac8                . = ALIGN (0x4)
                0x0000000008007ac8                __text_end = .

.v4_bx          0x0000000008007ac8        0x0
 .v4_bx         0x0000000008007ac8        0x0 linker stubs

.iplt           0x0000000008007ac8        0x0
 .iplt          0x0000000008007ac8        0x0 /opt/devkitpro/devkitARM/bin/../lib/gcc/arm-none-eabi/12.2.0/../../../../arm-none-eabi/lib/thumb/gba_crt0.o

.fini           0x0000000008007ac8        0xc
 *(.fini)
 .fini          0x0000000008007ac8        0x4 /opt/devkitpro/devkitARM/bin/../lib/gcc/arm-none-eabi/12.2.0/thumb/crti.o
                0x0000000008007ac8                _fini
 .fini          0x0000000008007acc        0x8 /opt/devkitpro/devkitARM/bin/../lib/gcc/arm-none-eabi/12.2.0/thumb/crtn.o
                0x0000000008007ad4                . = ALIGN (0x4)

.rodata         0x0000000008007ad4     0x7830
 *(.rodata)
 .rodata        0x0000000008007ad4      0x1b4 /opt/devkitpro/libgba/lib/libgba.a(console.o)
                0x0000000008007ba8                dotab_stdout
                0x0000000008007c18                dotab_stderr
 .rodata        0x0000000008007c88      0x804 /opt/devkitpro/libgba/lib/libgba.a(amiga.fnt.o)
                0x0000000008007c88                amiga_fnt
                0x0000000008008488                amiga_fnt_end
                0x0000000008008488                amiga_fnt_size
 *all.rodata*(*)
 *(.roda)
 *(.rodata.*)
 .rodata.str1.4
                0x000000000800848c       0x16 template.o
 *fill*         0x00000000080084a2        0x2 ff
 .rodata.str1.4
                0x00000000080084a4       0x2c /opt/devkitpro/libgba/lib/libgba.a(console.o)
 .rodata.basefix.0
                0x00000000080084d0       0x22 /opt/devkitpro/devkitARM/bin/../lib/gcc/arm-none-eabi/12.2.0/../../../../arm-none-eabi/lib/thumb/libg.a(lib_a-svfiscanf.o)
 .rodata._vfiprintf_r.str1.1
                0x00000000080084f2       0x29 /opt/devkitpro/devkitARM/bin/../lib/gcc/arm-none-eabi/12.2.0/../../../../arm-none-eabi/lib/thumb/libg.a(lib_a-vfiprintf.o)
 *fill*         0x000000000800851b        0x1 ff
 .rodata.zeroes.0
                0x000000000800851c       0x10 /opt/devkitpro/devkitARM/bin/../lib/gcc/arm-none-eabi/12.2.0/../../../../arm-none-eabi/lib/thumb/libg.a(lib_a-vfiprintf.o)
 .rodata.blanks.1
                0x000000000800852c       0x10 /opt/devkitpro/devkitARM/bin/../lib/gcc/arm-none-eabi/12.2.0/../../../../arm-none-eabi/lib/thumb/libg.a(lib_a-vfiprintf.o)
 .rodata._ctype_
                0x000000000800853c      0x101 /opt/devkitpro/devkitARM/bin/../lib/gcc/arm-none-eabi/12.2.0/../../../../arm-none-eabi/lib/thumb/libg.a(lib_a-ctype_.o)
                0x000000000800853c                _ctype_
 *fill*         0x000000000800863d        0x3 ff
 .rodata.str1.4
                0x0000000008008640       0x48 /opt/devkitpro/devkitARM/bin/../lib/gcc/arm-none-eabi/12.2.0/../../../../arm-none-eabi/lib/thumb/libg.a(lib_a-locale.o)
                                         0x4c (size before relaxing)
 .rodata._mbrtowc_r.str1.4
                0x0000000008008688        0x1 /opt/devkitpro/devkitARM/bin/../lib/gcc/arm-none-eabi/12.2.0/../../../../arm-none-eabi/lib/thumb/libg.a(lib_a-mbrtowc.o)
 .rodata.__action_table
                0x0000000008008688       0x6c /opt/devkitpro/devkitARM/bin/../lib/gcc/arm-none-eabi/12.2.0/../../../../arm-none-eabi/lib/thumb/libg.a(lib_a-svfiprintf.o)
                0x0000000008008688                __action_table
 .rodata.__state_table
                0x00000000080086f4       0x6c /opt/devkitpro/devkitARM/bin/../lib/gcc/arm-none-eabi/12.2.0/../../../../arm-none-eabi/lib/thumb/libg.a(lib_a-svfiprintf.o)
                0x00000000080086f4                __state_table
 .rodata.__chclass
                0x0000000008008760      0x100 /opt/devkitpro/devkitARM/bin/../lib/gcc/arm-none-eabi/12.2.0/../../../../arm-none-eabi/lib/thumb/libg.a(lib_a-svfiprintf.o)
                0x0000000008008760                __chclass
 .rodata.__jp2uc
                0x0000000008008860       0x20 /opt/devkitpro/devkitARM/bin/../lib/gcc/arm-none-eabi/12.2.0/../../../../arm-none-eabi/lib/thumb/libg.a(lib_a-jp2uc.o)
 .rodata._jp2uc_l.str1.4
                0x0000000008008880       0x12 /opt/devkitpro/devkitARM/bin/../lib/gcc/arm-none-eabi/12.2.0/../../../../arm-none-eabi/lib/thumb/libg.a(lib_a-jp2uc.o)
 *fill*         0x0000000008008892        0x2 ff
 .rodata.d02f4  0x0000000008008894     0x1a7c /opt/devkitpro/devkitARM/bin/../lib/gcc/arm-none-eabi/12.2.0/../../../../arm-none-eabi/lib/thumb/libg.a(lib_a-jp2uc.o)
 .rodata.b02cf  0x000000000800a310     0x172a /opt/devkitpro/devkitARM/bin/../lib/gcc/arm-none-eabi/12.2.0/../../../../arm-none-eabi/lib/thumb/libg.a(lib_a-jp2uc.o)
 *fill*         0x000000000800ba3a        0x2 ff
 .rodata.a8     0x000000000800ba3c       0x40 /opt/devkitpro/devkitARM/bin/../lib/gcc/arm-none-eabi/12.2.0/../../../../arm-none-eabi/lib/thumb/libg.a(lib_a-jp2uc.o)
 .rodata.a7     0x000000000800ba7c       0xa2 /opt/devkitpro/devkitARM/bin/../lib/gcc/arm-none-eabi/12.2.0/../../../../arm-none-eabi/lib/thumb/libg.a(lib_a-jp2uc.o)
 *fill*         0x000000000800bb1e        0x2 ff
 .rodata.a6     0x000000000800bb20       0x70 /opt/devkitpro/devkitARM/bin/../lib/gcc/arm-none-eabi/12.2.0/../../../../arm-none-eabi/lib/thumb/libg.a(lib_a-jp2uc.o)
 .rodata.a3     0x000000000800bb90       0x5b /opt/devkitpro/devkitARM/bin/../lib/gcc/arm-none-eabi/12.2.0/../../../../arm-none-eabi/lib/thumb/libg.a(lib_a-jp2uc.o)
 *fill*         0x000000000800bbeb        0x1 ff
 .rodata.a2     0x000000000800bbec       0xbc /opt/devkitpro/devkitARM/bin/../lib/gcc/arm-none-eabi/12.2.0/../../../../arm-none-eabi/lib/thumb/libg.a(lib_a-jp2uc.o)
 .rodata.a1     0x000000000800bca8       0xbc /opt/devkitpro/devkitARM/bin/../lib/gcc/arm-none-eabi/12.2.0/../../../../arm-none-eabi/lib/thumb/libg.a(lib_a-jp2uc.o)
 .rodata.categories
                0x000000000800bd64     0x3528 /opt/devkitpro/devkitARM/bin/../lib/gcc/arm-none-eabi/12.2.0/../../../../arm-none-eabi/lib/thumb/libg.a(lib_a-categories.o)
 .rodata.AddDevice.str1.4
                0x000000000800f28c        0x8 /opt/devkitpro/devkitARM/bin/../lib/gcc/arm-none-eabi/12.2.0/../../../../arm-none-eabi/lib/thumb/libsysbase.a(iosupport.o)
 .rodata.dotab_stdnull
                0x000000000800f294       0x70 /opt/devkitpro/devkitARM/bin/../lib/gcc/arm-none-eabi/12.2.0/../../../../arm-none-eabi/lib/thumb/libsysbase.a(iosupport.o)
                0x000000000800f294                dotab_stdnull
 *(.gnu.linkonce.r*)
                0x000000000800f304                . = ALIGN (0x4)

.ARM.extab
 *(.ARM.extab* .gnu.linkonce.armextab.*)
                0x000000000800f304                __exidx_start = .

.ARM.exidx
 *(.ARM.exidx* .gnu.linkonce.armexidx.*)
                0x000000000800f304                __exidx_end = .

.ctors          0x000000000800f304        0x0
 *crtbegin.o(.ctors)
 *(EXCLUDE_FILE(*crtend.o) .ctors)
 *(SORT_BY_NAME(.ctors.*))
 *(.ctors)
                0x000000000800f304                . = ALIGN (0x4)

.dtors          0x000000000800f304        0x0
 *crtbegin.o(.dtors)
 *(EXCLUDE_FILE(*crtend.o) .dtors)
 *(SORT_BY_NAME(.dtors.*))
 *(.dtors)
                0x000000000800f304                . = ALIGN (0x4)

.eh_frame       0x000000000800f304        0x4
 *(.eh_frame)
 .eh_frame      0x000000000800f304        0x0 /opt/devkitpro/devkitARM/bin/../lib/gcc/arm-none-eabi/12.2.0/thumb/crtbegin.o
 .eh_frame      0x000000000800f304        0x4 /opt/devkitpro/devkitARM/bin/../lib/gcc/arm-none-eabi/12.2.0/thumb/crtend.o
                0x000000000800f308                . = ALIGN (0x4)

.gcc_except_table
                0x000000000800f308        0x0
 *(.gcc_except_table)
                0x000000000800f308                . = ALIGN (0x4)
                0x000000000800f308                __iwram_lma = .

.iwram          0x0000000003000000       0xb8 load address 0x000000000800f308
                0x0000000003000000                __iwram_start__ = ABSOLUTE (.)
 *(.iwram .iwram*)
 .iwram         0x0000000003000000       0xb8 /opt/devkitpro/libgba/lib/libgba.a(InterruptDispatcher.o)
                0x0000000003000000                IntrMain
 *iwram.*(.text* .data*)
                0x00000000030000b8                . = ALIGN (0x4)
                0x00000000030000b8                __iwram_end__ = ABSOLUTE (.)
                0x000000000800f3c0                __data_lma = (__iwram_lma + SIZEOF (.iwram))

.bss            0x00000000030000b8      0x118
                0x00000000030000b8                __bss_start = ABSOLUTE (.)
                0x00000000030000b8                __bss_start__ = ABSOLUTE (.)
 *(.dynbss)
 *(.gnu.linkonce.b*)
 *(.bss*)
 .bss.completed.1
                0x00000000030000b8        0x1 /opt/devkitpro/devkitARM/bin/../lib/gcc/arm-none-eabi/12.2.0/thumb/crtbegin.o
 *fill*         0x00000000030000b9        0x3 
 .bss.object.0  0x00000000030000bc       0x18 /opt/devkitpro/devkitARM/bin/../lib/gcc/arm-none-eabi/12.2.0/thumb/crtbegin.o
 .bss           0x00000000030000d4       0x1c /opt/devkitpro/libgba/lib/libgba.a(console.o)
 .bss.__sinit_recursive_mutex
                0x00000000030000f0        0xc /opt/devkitpro/devkitARM/bin/../lib/gcc/arm-none-eabi/12.2.0/../../../../arm-none-eabi/lib/thumb/libg.a(lib_a-findfp.o)
 .bss.__sfp_recursive_mutex
                0x00000000030000fc        0xc /opt/devkitpro/devkitARM/bin/../lib/gcc/arm-none-eabi/12.2.0/../../../../arm-none-eabi/lib/thumb/libg.a(lib_a-findfp.o)
 .bss.__malloc_current_mallinfo
                0x0000000003000108       0x28 /opt/devkitpro/devkitARM/bin/../lib/gcc/arm-none-eabi/12.2.0/../../../../arm-none-eabi/lib/thumb/libg.a(lib_a-mallocr.o)
                0x0000000003000108                __malloc_current_mallinfo
 .bss.__malloc_max_total_mem
                0x0000000003000130        0x4 /opt/devkitpro/devkitARM/bin/../lib/gcc/arm-none-eabi/12.2.0/../../../../arm-none-eabi/lib/thumb/libg.a(lib_a-mallocr.o)
                0x0000000003000130                __malloc_max_total_mem
 .bss.__malloc_max_sbrked_mem
                0x0000000003000134        0x4 /opt/devkitpro/devkitARM/bin/../lib/gcc/arm-none-eabi/12.2.0/../../../../arm-none-eabi/lib/thumb/libg.a(lib_a-mallocr.o)
                0x0000000003000134                __malloc_max_sbrked_mem
 .bss.__malloc_top_pad
                0x0000000003000138        0x4 /opt/devkitpro/devkitARM/bin/../lib/gcc/arm-none-eabi/12.2.0/../../../../arm-none-eabi/lib/thumb/libg.a(lib_a-mallocr.o)
                0x0000000003000138                __malloc_top_pad
 .bss.__malloc_recursive_mutex
                0x000000000300013c        0xc /opt/devkitpro/devkitARM/bin/../lib/gcc/arm-none-eabi/12.2.0/../../../../arm-none-eabi/lib/thumb/libg.a(lib_a-mlock.o)
 .bss.heap_start.0
                0x0000000003000148        0x4 /opt/devkitpro/devkitARM/bin/../lib/gcc/arm-none-eabi/12.2.0/../../../../arm-none-eabi/lib/thumb/libsysbase.a(sbrk.o)
 .bss.fake_heap_start
                0x000000000300014c        0x4 /opt/devkitpro/devkitARM/bin/../lib/gcc/arm-none-eabi/12.2.0/../../../../arm-none-eabi/lib/thumb/libsysbase.a(malloc_vars.o)
                0x000000000300014c                fake_heap_start
 .bss.fake_heap_end
                0x0000000003000150        0x4 /opt/devkitpro/devkitARM/bin/../lib/gcc/arm-none-eabi/12.2.0/../../../../arm-none-eabi/lib/thumb/libsysbase.a(malloc_vars.o)
                0x0000000003000150                fake_heap_end
 .bss.__hndl_lock
                0x0000000003000154        0x4 /opt/devkitpro/devkitARM/bin/../lib/gcc/arm-none-eabi/12.2.0/../../../../arm-none-eabi/lib/thumb/libsysbase.a(handle_manager.o)
 *(COMMON)
 COMMON         0x0000000003000158       0x78 /opt/devkitpro/libgba/lib/libgba.a(interrupt.o)
                0x0000000003000158                IntrTable
                0x00000000030001d0                . = ALIGN (0x4)
                0x00000000030001d0                __bss_end__ = ABSOLUTE (.)

.data           0x00000000030001d0     0x1a98 load address 0x000000000800f3c0
                0x00000000030001d0                __data_start__ = ABSOLUTE (.)
 *(.data*)
 .data._impure_ptr
                0x00000000030001d0        0x4 /opt/devkitpro/devkitARM/bin/../lib/gcc/arm-none-eabi/12.2.0/../../../../arm-none-eabi/lib/thumb/libg.a(lib_a-impure.o)
                0x00000000030001d0                _impure_ptr
 *fill*         0x00000000030001d4        0x4 ff
 .data.impure_data
                0x00000000030001d8      0x460 /opt/devkitpro/devkitARM/bin/../lib/gcc/arm-none-eabi/12.2.0/../../../../arm-none-eabi/lib/thumb/libg.a(lib_a-impure.o)
 .data.__global_locale
                0x0000000003000638      0x16c /opt/devkitpro/devkitARM/bin/../lib/gcc/arm-none-eabi/12.2.0/../../../../arm-none-eabi/lib/thumb/libg.a(lib_a-locale.o)
                0x0000000003000638                __global_locale
 .data.__malloc_sbrk_base
                0x00000000030007a4        0x4 /opt/devkitpro/devkitARM/bin/../lib/gcc/arm-none-eabi/12.2.0/../../../../arm-none-eabi/lib/thumb/libg.a(lib_a-mallocr.o)
                0x00000000030007a4                __malloc_sbrk_base
 .data.__malloc_trim_threshold
                0x00000000030007a8        0x4 /opt/devkitpro/devkitARM/bin/../lib/gcc/arm-none-eabi/12.2.0/../../../../arm-none-eabi/lib/thumb/libg.a(lib_a-mallocr.o)
                0x00000000030007a8                __malloc_trim_threshold
 *fill*         0x00000000030007ac        0x4 ff
 .data.__malloc_av_
                0x00000000030007b0      0x408 /opt/devkitpro/devkitARM/bin/../lib/gcc/arm-none-eabi/12.2.0/../../../../arm-none-eabi/lib/thumb/libg.a(lib_a-mallocr.o)
                0x00000000030007b0                __malloc_av_
 .data.devoptab_list
                0x0000000003000bb8       0x8c /opt/devkitpro/devkitARM/bin/../lib/gcc/arm-none-eabi/12.2.0/../../../../arm-none-eabi/lib/thumb/libsysbase.a(iosupport.o)
                0x0000000003000bb8                devoptab_list
 .data.handles  0x0000000003000c44     0x1000 /opt/devkitpro/devkitARM/bin/../lib/gcc/arm-none-eabi/12.2.0/../../../../arm-none-eabi/lib/thumb/libsysbase.a(handle_manager.o)
 .data.__stderr_handle
                0x0000000003001c44        0xc /opt/devkitpro/devkitARM/bin/../lib/gcc/arm-none-eabi/12.2.0/../../../../arm-none-eabi/lib/thumb/libsysbase.a(handle_manager.o)
 .data.__stdout_handle
                0x0000000003001c50        0xc /opt/devkitpro/devkitARM/bin/../lib/gcc/arm-none-eabi/12.2.0/../../../../arm-none-eabi/lib/thumb/libsysbase.a(handle_manager.o)
 .data.__stdin_handle
                0x0000000003001c5c        0xc /opt/devkitpro/devkitARM/bin/../lib/gcc/arm-none-eabi/12.2.0/../../../../arm-none-eabi/lib/thumb/libsysbase.a(handle_manager.o)
 *(.gnu.linkonce.d*)
                0x0000000003001c68                . = ALIGN (0x4)
                0x0000000008010e58                __preinit_lma = (__data_lma + SIZEOF (.data))

.igot.plt       0x0000000003001c68        0x0 load address 0x0000000008010e58
 .igot.plt      0x0000000003001c68        0x0 /opt/devkitpro/devkitARM/bin/../lib/gcc/arm-none-eabi/12.2.0/../../../../arm-none-eabi/lib/thumb/gba_crt0.o

.preinit_array  0x0000000003001c68        0x0 load address 0x0000000008010e58
                0x0000000003001c68                __preinit_array_start = ABSOLUTE (.)
 *(.preinit_array)
                0x0000000003001c68                __preinit_array_end = ABSOLUTE (.)
                0x0000000008010e58                __init_lma = (__preinit_lma + SIZEOF (.preinit_array))

.init_array     0x0000000003001c68        0x4 load address 0x0000000008010e58
                0x0000000003001c68                __init_array_start = ABSOLUTE (.)
 *(SORT_BY_NAME(.init_array.*))
 *(.init_array)
 .init_array    0x0000000003001c68        0x4 /opt/devkitpro/devkitARM/bin/../lib/gcc/arm-none-eabi/12.2.0/thumb/crtbegin.o
                0x0000000003001c6c                __init_array_end = ABSOLUTE (.)
                0x0000000008010e5c                __fini_lma = (__init_lma + SIZEOF (.init_array))

.fini_array     0x0000000003001c6c        0x4 load address 0x0000000008010e5c
                0x0000000003001c6c                __fini_array_start = ABSOLUTE (.)
 *(SORT_BY_NAME(.fini_array.*))
 *(.fini_array)
 .fini_array    0x0000000003001c6c        0x4 /opt/devkitpro/devkitARM/bin/../lib/gcc/arm-none-eabi/12.2.0/thumb/crtbegin.o
                0x0000000003001c70                __fini_array_end = ABSOLUTE (.)
                0x0000000008010e60                __jcr_lma = (__fini_lma + SIZEOF (.fini_array))

.jcr
 *(.jcr)
                0x0000000003001c70                __data_end__ = ABSOLUTE (.)
                0x0000000008010e60                __iwram_overlay_lma = (__jcr_lma + SIZEOF (.jcr))
                0x0000000003001c70                __iwram_overlay_start = .

.iwram0         0x0000000003001c70        0x0 load address 0x0000000008010e60
 *(.iwram0)
                0x0000000003001c70                . = ALIGN (0x4)
                0x0000000008010e60                PROVIDE (__load_start_iwram0 = LOADADDR (.iwram0))
                0x0000000008010e60                PROVIDE (__load_stop_iwram0 = (LOADADDR (.iwram0) + SIZEOF (.iwram0)))

.iwram1         0x0000000003001c70        0x0
 *(.iwram1)
                0x0000000003001c70                . = ALIGN (0x4)
                [!provide]                        PROVIDE (__load_start_iwram1 = LOADADDR (.iwram1))
                [!provide]                        PROVIDE (__load_stop_iwram1 = (LOADADDR (.iwram1) + SIZEOF (.iwram1)))

.iwram2         0x0000000003001c70        0x0
 *(.iwram2)
                0x0000000003001c70                . = ALIGN (0x4)
                [!provide]                        PROVIDE (__load_start_iwram2 = LOADADDR (.iwram2))
                [!provide]                        PROVIDE (__load_stop_iwram2 = (LOADADDR (.iwram2) + SIZEOF (.iwram2)))

.iwram3         0x0000000003001c70        0x0
 *(.iwram3)
                0x0000000003001c70                . = ALIGN (0x4)
                [!provide]                        PROVIDE (__load_start_iwram3 = LOADADDR (.iwram3))
                [!provide]                        PROVIDE (__load_stop_iwram3 = (LOADADDR (.iwram3) + SIZEOF (.iwram3)))

.iwram4         0x0000000003001c70        0x0
 *(.iwram4)
                0x0000000003001c70                . = ALIGN (0x4)
                [!provide]                        PROVIDE (__load_start_iwram4 = LOADADDR (.iwram4))
                [!provide]                        PROVIDE (__load_stop_iwram4 = (LOADADDR (.iwram4) + SIZEOF (.iwram4)))

.iwram5         0x0000000003001c70        0x0
 *(.iwram5)
                0x0000000003001c70                . = ALIGN (0x4)
                [!provide]                        PROVIDE (__load_start_iwram5 = LOADADDR (.iwram5))
                [!provide]                        PROVIDE (__load_stop_iwram5 = (LOADADDR (.iwram5) + SIZEOF (.iwram5)))

.iwram6         0x0000000003001c70        0x0
 *(.iwram6)
                0x0000000003001c70                . = ALIGN (0x4)
                [!provide]                        PROVIDE (__load_start_iwram6 = LOADADDR (.iwram6))
                [!provide]                        PROVIDE (__load_stop_iwram6 = (LOADADDR (.iwram6) + SIZEOF (.iwram6)))

.iwram7         0x0000000003001c70        0x0
 *(.iwram7)
                0x0000000003001c70                . = ALIGN (0x4)
                [!provide]                        PROVIDE (__load_start_iwram7 = LOADADDR (.iwram7))
                [!provide]                        PROVIDE (__load_stop_iwram7 = (LOADADDR (.iwram7) + SIZEOF (.iwram7)))

.iwram8         0x0000000003001c70        0x0
 *(.iwram8)
                0x0000000003001c70                . = ALIGN (0x4)
                [!provide]                        PROVIDE (__load_start_iwram8 = LOADADDR (.iwram8))
                [!provide]                        PROVIDE (__load_stop_iwram8 = (LOADADDR (.iwram8) + SIZEOF (.iwram8)))

.iwram9         0x0000000003001c70        0x0
 *(.iwram9)
                0x0000000003001c70                . = ALIGN (0x4)
                [!provide]                        PROVIDE (__load_start_iwram9 = LOADADDR (.iwram9))
                [!provide]                        PROVIDE (__load_stop_iwram9 = (LOADADDR (.iwram9) + SIZEOF (.iwram9)))
                0x0000000003001c70                __iwram_overlay_end = .
                0x0000000008010e60                __ewram_lma = (__iwram_overlay_lma + (__iwram_overlay_end - __iwram_overlay_start))
                0x0000000003001c70                __iheap_start = .
                0x0000000002000000                __ewram_start = ORIGIN (ewram)

.ewram          0x0000000002000000        0x0 load address 0x0000000008010e60
 *(.ewram*)
                0x0000000002000000                . = ALIGN (0x4)
                0x0000000002000000                __ewram_end = ABSOLUTE (.)
                0x0000000008010e60                __pad_lma = (__ewram_lma + SIZEOF (.ewram))

.sbss           0x0000000002000000        0x0
                0x0000000002000000                __sbss_start__ = ABSOLUTE (.)
 *(.sbss*)
                0x0000000002000000                . = ALIGN (0x4)
                0x0000000002000000                __sbss_end__ = ABSOLUTE (.)
                0x0000000002000000                __end__ = ABSOLUTE (.)
                0x0000000002000000                __eheap_start = ABSOLUTE (.)

.pad            0x0000000002000000        0x8 load address 0x0000000008010e60
                0x0000000002000000        0x4 LONG 0x52416b64
                0x0000000002000004        0x4 LONG 0x4d
                0x0000000002000008                . = ALIGN (0x4)
                0x0000000008010e68                __rom_end__ = (__pad_lma + SIZEOF (.pad))

.rel.dyn        0x0000000002000008        0x0 load address 0x0000000008010e68
 .rel.iplt      0x0000000002000008        0x0 /opt/devkitpro/devkitARM/bin/../lib/gcc/arm-none-eabi/12.2.0/../../../../arm-none-eabi/lib/thumb/gba_crt0.o

.stab
 *(.stab)

.stabstr
 *(.stabstr)

.stab.excl
 *(.stab.excl)

.stab.exclstr
 *(.stab.exclstr)

.stab.index
 *(.stab.index)

.stab.indexstr
 *(.stab.indexstr)

.comment        0x0000000000000000       0x45
 *(.comment)
 .comment       0x0000000000000000       0x23 /opt/devkitpro/devkitARM/bin/../lib/gcc/arm-none-eabi/12.2.0/thumb/crtbegin.o
                                         0x24 (size before relaxing)
 .comment       0x0000000000000023       0x24 template.o
 .comment       0x0000000000000023       0x22 /opt/devkitpro/libgba/lib/libgba.a(interrupt.o)
                                         0x23 (size before relaxing)
 .comment       0x0000000000000045       0x23 /opt/devkitpro/libgba/lib/libgba.a(console.o)
 .comment       0x0000000000000045       0x23 /opt/devkitpro/libgba/lib/libgba.a(CpuSet.o)
 .comment       0x0000000000000045       0x24 /opt/devkitpro/devkitARM/bin/../lib/gcc/arm-none-eabi/12.2.0/../../../../arm-none-eabi/lib/thumb/libg.a(lib_a-init.o)
 .comment       0x0000000000000045       0x24 /opt/devkitpro/devkitARM/bin/../lib/gcc/arm-none-eabi/12.2.0/../../../../arm-none-eabi/lib/thumb/libg.a(lib_a-iprintf.o)
 .comment       0x0000000000000045       0x24 /opt/devkitpro/devkitARM/bin/../lib/gcc/arm-none-eabi/12.2.0/../../../../arm-none-eabi/lib/thumb/libg.a(lib_a-setvbuf.o)
 .comment       0x0000000000000045       0x24 /opt/devkitpro/devkitARM/bin/../lib/gcc/arm-none-eabi/12.2.0/../../../../arm-none-eabi/lib/thumb/libg.a(lib_a-siscanf.o)
 .comment       0x0000000000000045       0x24 /opt/devkitpro/devkitARM/bin/../lib/gcc/arm-none-eabi/12.2.0/../../../../arm-none-eabi/lib/thumb/libg.a(lib_a-stdio.o)
 .comment       0x0000000000000045       0x24 /opt/devkitpro/devkitARM/bin/../lib/gcc/arm-none-eabi/12.2.0/../../../../arm-none-eabi/lib/thumb/libg.a(lib_a-strlen-stub.o)
 .comment       0x0000000000000045       0x24 /opt/devkitpro/devkitARM/bin/../lib/gcc/arm-none-eabi/12.2.0/../../../../arm-none-eabi/lib/thumb/libg.a(lib_a-svfiscanf.o)
 .comment       0x0000000000000045       0x24 /opt/devkitpro/devkitARM/bin/../lib/gcc/arm-none-eabi/12.2.0/../../../../arm-none-eabi/lib/thumb/libg.a(lib_a-ungetc.o)
 .comment       0x0000000000000045       0x24 /opt/devkitpro/devkitARM/bin/../lib/gcc/arm-none-eabi/12.2.0/../../../../arm-none-eabi/lib/thumb/libg.a(lib_a-vfiprintf.o)
 .comment       0x0000000000000045       0x24 /opt/devkitpro/devkitARM/bin/../lib/gcc/arm-none-eabi/12.2.0/../../../../arm-none-eabi/lib/thumb/libg.a(lib_a-wcrtomb.o)
 .comment       0x0000000000000045       0x24 /opt/devkitpro/devkitARM/bin/../lib/gcc/arm-none-eabi/12.2.0/../../../../arm-none-eabi/lib/thumb/libg.a(lib_a-wcsrtombs.o)
 .comment       0x0000000000000045       0x24 /opt/devkitpro/devkitARM/bin/../lib/gcc/arm-none-eabi/12.2.0/../../../../arm-none-eabi/lib/thumb/libg.a(lib_a-wsetup.o)
 .comment       0x0000000000000045       0x24 /opt/devkitpro/devkitARM/bin/../lib/gcc/arm-none-eabi/12.2.0/../../../../arm-none-eabi/lib/thumb/libg.a(lib_a-ctype_.o)
 .comment       0x0000000000000045       0x24 /opt/devkitpro/devkitARM/bin/../lib/gcc/arm-none-eabi/12.2.0/../../../../arm-none-eabi/lib/thumb/libg.a(lib_a-fflush.o)
 .comment       0x0000000000000045       0x24 /opt/devkitpro/devkitARM/bin/../lib/gcc/arm-none-eabi/12.2.0/../../../../arm-none-eabi/lib/thumb/libg.a(lib_a-findfp.o)
 .comment       0x0000000000000045       0x24 /opt/devkitpro/devkitARM/bin/../lib/gcc/arm-none-eabi/12.2.0/../../../../arm-none-eabi/lib/thumb/libg.a(lib_a-freer.o)
 .comment       0x0000000000000045       0x24 /opt/devkitpro/devkitARM/bin/../lib/gcc/arm-none-eabi/12.2.0/../../../../arm-none-eabi/lib/thumb/libg.a(lib_a-fvwrite.o)
 .comment       0x0000000000000045       0x24 /opt/devkitpro/devkitARM/bin/../lib/gcc/arm-none-eabi/12.2.0/../../../../arm-none-eabi/lib/thumb/libg.a(lib_a-fwalk.o)
 .comment       0x0000000000000045       0x24 /opt/devkitpro/devkitARM/bin/../lib/gcc/arm-none-eabi/12.2.0/../../../../arm-none-eabi/lib/thumb/libg.a(lib_a-impure.o)
 .comment       0x0000000000000045       0x24 /opt/devkitpro/devkitARM/bin/../lib/gcc/arm-none-eabi/12.2.0/../../../../arm-none-eabi/lib/thumb/libg.a(lib_a-iswspace.o)
 .comment       0x0000000000000045       0x24 /opt/devkitpro/devkitARM/bin/../lib/gcc/arm-none-eabi/12.2.0/../../../../arm-none-eabi/lib/thumb/libg.a(lib_a-localeconv.o)
 .comment       0x0000000000000045       0x24 /opt/devkitpro/devkitARM/bin/../lib/gcc/arm-none-eabi/12.2.0/../../../../arm-none-eabi/lib/thumb/libg.a(lib_a-locale.o)
 .comment       0x0000000000000045       0x24 /opt/devkitpro/devkitARM/bin/../lib/gcc/arm-none-eabi/12.2.0/../../../../arm-none-eabi/lib/thumb/libg.a(lib_a-makebuf.o)
 .comment       0x0000000000000045       0x24 /opt/devkitpro/devkitARM/bin/../lib/gcc/arm-none-eabi/12.2.0/../../../../arm-none-eabi/lib/thumb/libg.a(lib_a-malloc.o)
 .comment       0x0000000000000045       0x24 /opt/devkitpro/devkitARM/bin/../lib/gcc/arm-none-eabi/12.2.0/../../../../arm-none-eabi/lib/thumb/libg.a(lib_a-mallocr.o)
 .comment       0x0000000000000045       0x24 /opt/devkitpro/devkitARM/bin/../lib/gcc/arm-none-eabi/12.2.0/../../../../arm-none-eabi/lib/thumb/libg.a(lib_a-mbrtowc.o)
 .comment       0x0000000000000045       0x24 /opt/devkitpro/devkitARM/bin/../lib/gcc/arm-none-eabi/12.2.0/../../../../arm-none-eabi/lib/thumb/libg.a(lib_a-mbtowc_r.o)
 .comment       0x0000000000000045       0x24 /opt/devkitpro/devkitARM/bin/../lib/gcc/arm-none-eabi/12.2.0/../../../../arm-none-eabi/lib/thumb/libg.a(lib_a-memchr-stub.o)
 .comment       0x0000000000000045       0x24 /opt/devkitpro/devkitARM/bin/../lib/gcc/arm-none-eabi/12.2.0/../../../../arm-none-eabi/lib/thumb/libg.a(lib_a-memcpy-stub.o)
 .comment       0x0000000000000045       0x24 /opt/devkitpro/devkitARM/bin/../lib/gcc/arm-none-eabi/12.2.0/../../../../arm-none-eabi/lib/thumb/libg.a(lib_a-memmove.o)
 .comment       0x0000000000000045       0x24 /opt/devkitpro/devkitARM/bin/../lib/gcc/arm-none-eabi/12.2.0/../../../../arm-none-eabi/lib/thumb/libg.a(lib_a-memset.o)
 .comment       0x0000000000000045       0x24 /opt/devkitpro/devkitARM/bin/../lib/gcc/arm-none-eabi/12.2.0/../../../../arm-none-eabi/lib/thumb/libg.a(lib_a-mlock.o)
 .comment       0x0000000000000045       0x24 /opt/devkitpro/devkitARM/bin/../lib/gcc/arm-none-eabi/12.2.0/../../../../arm-none-eabi/lib/thumb/libg.a(lib_a-realloc.o)
 .comment       0x0000000000000045       0x24 /opt/devkitpro/devkitARM/bin/../lib/gcc/arm-none-eabi/12.2.0/../../../../arm-none-eabi/lib/thumb/libg.a(lib_a-reallocr.o)
 .comment       0x0000000000000045       0x24 /opt/devkitpro/devkitARM/bin/../lib/gcc/arm-none-eabi/12.2.0/../../../../arm-none-eabi/lib/thumb/libg.a(lib_a-sccl.o)
 .comment       0x0000000000000045       0x24 /opt/devkitpro/devkitARM/bin/../lib/gcc/arm-none-eabi/12.2.0/../../../../arm-none-eabi/lib/thumb/libg.a(lib_a-strncpy.o)
 .comment       0x0000000000000045       0x24 /opt/devkitpro/devkitARM/bin/../lib/gcc/arm-none-eabi/12.2.0/../../../../arm-none-eabi/lib/thumb/libg.a(lib_a-strtoll.o)
 .comment       0x0000000000000045       0x24 /opt/devkitpro/devkitARM/bin/../lib/gcc/arm-none-eabi/12.2.0/../../../../arm-none-eabi/lib/thumb/libg.a(lib_a-strtol.o)
 .comment       0x0000000000000045       0x24 /opt/devkitpro/devkitARM/bin/../lib/gcc/arm-none-eabi/12.2.0/../../../../arm-none-eabi/lib/thumb/libg.a(lib_a-strtoull.o)
 .comment       0x0000000000000045       0x24 /opt/devkitpro/devkitARM/bin/../lib/gcc/arm-none-eabi/12.2.0/../../../../arm-none-eabi/lib/thumb/libg.a(lib_a-strtoul.o)
 .comment       0x0000000000000045       0x24 /opt/devkitpro/devkitARM/bin/../lib/gcc/arm-none-eabi/12.2.0/../../../../arm-none-eabi/lib/thumb/libg.a(lib_a-svfiprintf.o)
 .comment       0x0000000000000045       0x24 /opt/devkitpro/devkitARM/bin/../lib/gcc/arm-none-eabi/12.2.0/../../../../arm-none-eabi/lib/thumb/libg.a(lib_a-wcsnrtombs.o)
 .comment       0x0000000000000045       0x24 /opt/devkitpro/devkitARM/bin/../lib/gcc/arm-none-eabi/12.2.0/../../../../arm-none-eabi/lib/thumb/libg.a(lib_a-wctomb_r.o)
 .comment       0x0000000000000045       0x24 /opt/devkitpro/devkitARM/bin/../lib/gcc/arm-none-eabi/12.2.0/../../../../arm-none-eabi/lib/thumb/libg.a(lib_a-errno.o)
 .comment       0x0000000000000045       0x24 /opt/devkitpro/devkitARM/bin/../lib/gcc/arm-none-eabi/12.2.0/../../../../arm-none-eabi/lib/thumb/libg.a(lib_a-fclose.o)
 .comment       0x0000000000000045       0x24 /opt/devkitpro/devkitARM/bin/../lib/gcc/arm-none-eabi/12.2.0/../../../../arm-none-eabi/lib/thumb/libg.a(lib_a-iswspace_l.o)
 .comment       0x0000000000000045       0x24 /opt/devkitpro/devkitARM/bin/../lib/gcc/arm-none-eabi/12.2.0/../../../../arm-none-eabi/lib/thumb/libg.a(lib_a-jp2uc.o)
 .comment       0x0000000000000045       0x24 /opt/devkitpro/devkitARM/bin/../lib/gcc/arm-none-eabi/12.2.0/../../../../arm-none-eabi/lib/thumb/libg.a(lib_a-categories.o)
 .comment       0x0000000000000045       0x24 /opt/devkitpro/devkitARM/bin/../lib/gcc/arm-none-eabi/12.2.0/../../../../arm-none-eabi/lib/thumb/libsysbase.a(iosupport.o)
 .comment       0x0000000000000045       0x24 /opt/devkitpro/devkitARM/bin/../lib/gcc/arm-none-eabi/12.2.0/../../../../arm-none-eabi/lib/thumb/libsysbase.a(fstat.o)
 .comment       0x0000000000000045       0x24 /opt/devkitpro/devkitARM/bin/../lib/gcc/arm-none-eabi/12.2.0/../../../../arm-none-eabi/lib/thumb/libsysbase.a(isatty.o)
 .comment       0x0000000000000045       0x24 /opt/devkitpro/devkitARM/bin/../lib/gcc/arm-none-eabi/12.2.0/../../../../arm-none-eabi/lib/thumb/libsysbase.a(lseek.o)
 .comment       0x0000000000000045       0x24 /opt/devkitpro/devkitARM/bin/../lib/gcc/arm-none-eabi/12.2.0/../../../../arm-none-eabi/lib/thumb/libsysbase.a(read.o)
 .comment       0x0000000000000045       0x24 /opt/devkitpro/devkitARM/bin/../lib/gcc/arm-none-eabi/12.2.0/../../../../arm-none-eabi/lib/thumb/libsysbase.a(sbrk.o)
 .comment       0x0000000000000045       0x24 /opt/devkitpro/devkitARM/bin/../lib/gcc/arm-none-eabi/12.2.0/../../../../arm-none-eabi/lib/thumb/libsysbase.a(write.o)
 .comment       0x0000000000000045       0x24 /opt/devkitpro/devkitARM/bin/../lib/gcc/arm-none-eabi/12.2.0/../../../../arm-none-eabi/lib/thumb/libsysbase.a(malloc_vars.o)
 .comment       0x0000000000000045       0x24 /opt/devkitpro/devkitARM/bin/../lib/gcc/arm-none-eabi/12.2.0/../../../../arm-none-eabi/lib/thumb/libsysbase.a(flock.o)
 .comment       0x0000000000000045       0x24 /opt/devkitpro/devkitARM/bin/../lib/gcc/arm-none-eabi/12.2.0/../../../../arm-none-eabi/lib/thumb/libsysbase.a(handle_manager.o)
 .comment       0x0000000000000045       0x24 /opt/devkitpro/devkitARM/bin/../lib/gcc/arm-none-eabi/12.2.0/../../../../arm-none-eabi/lib/thumb/libsysbase.a(getreent.o)
 .comment       0x0000000000000045       0x24 /opt/devkitpro/devkitARM/bin/../lib/gcc/arm-none-eabi/12.2.0/../../../../arm-none-eabi/lib/thumb/libsysbase.a(syscall_support.o)
 .comment       0x0000000000000045       0x24 /opt/devkitpro/devkitARM/bin/../lib/gcc/arm-none-eabi/12.2.0/thumb/libgcc.a(_muldi3.o)
 .comment       0x0000000000000045       0x24 /opt/devkitpro/devkitARM/bin/../lib/gcc/arm-none-eabi/12.2.0/thumb/libgcc.a(_udivmoddi4.o)
 .comment       0x0000000000000045       0x24 /opt/devkitpro/devkitARM/bin/../lib/gcc/arm-none-eabi/12.2.0/thumb/crtend.o

.debug
 *(.debug)

.line
 *(.line)

.debug_srcinfo
 *(.debug_srcinfo)

.debug_sfnames
 *(.debug_sfnames)

.debug_aranges  0x0000000000000000       0xa0
 *(.debug_aranges)
 .debug_aranges
                0x0000000000000000       0x20 template.o
 .debug_aranges
                0x0000000000000020       0x20 /opt/devkitpro/libgba/lib/libgba.a(interrupt.o)
 .debug_aranges
                0x0000000000000040       0x20 /opt/devkitpro/libgba/lib/libgba.a(console.o)
 .debug_aranges
                0x0000000000000060       0x20 /opt/devkitpro/libgba/lib/libgba.a(InterruptDispatcher.o)
 .debug_aranges
                0x0000000000000080       0x20 /opt/devkitpro/libgba/lib/libgba.a(CpuSet.o)

.debug_pubnames
 *(.debug_pubnames)

.debug_info     0x0000000000000000     0x2821
 *(.debug_info)
 .debug_info    0x0000000000000000      0x1a8 template.o
 .debug_info    0x00000000000001a8      0x41b /opt/devkitpro/libgba/lib/libgba.a(interrupt.o)
 .debug_info    0x00000000000005c3     0x20fd /opt/devkitpro/libgba/lib/libgba.a(console.o)
 .debug_info    0x00000000000026c0       0x26 /opt/devkitpro/libgba/lib/libgba.a(InterruptDispatcher.o)
 .debug_info    0x00000000000026e6      0x13b /opt/devkitpro/libgba/lib/libgba.a(CpuSet.o)

.debug_abbrev   0x0000000000000000      0x8a9
 *(.debug_abbrev)
 .debug_abbrev  0x0000000000000000      0x115 template.o
 .debug_abbrev  0x0000000000000115      0x1ee /opt/devkitpro/libgba/lib/libgba.a(interrupt.o)
 .debug_abbrev  0x0000000000000303      0x4eb /opt/devkitpro/libgba/lib/libgba.a(console.o)
 .debug_abbrev  0x00000000000007ee       0x14 /opt/devkitpro/libgba/lib/libgba.a(InterruptDispatcher.o)
 .debug_abbrev  0x0000000000000802       0xa7 /opt/devkitpro/libgba/lib/libgba.a(CpuSet.o)

.debug_line     0x0000000000000000     0x1366
 *(.debug_line)
 .debug_line    0x0000000000000000      0x130 template.o
 .debug_line    0x0000000000000130      0x5ae /opt/devkitpro/libgba/lib/libgba.a(interrupt.o)
 .debug_line    0x00000000000006de      0xa72 /opt/devkitpro/libgba/lib/libgba.a(console.o)
 .debug_line    0x0000000000001150       0xb2 /opt/devkitpro/libgba/lib/libgba.a(InterruptDispatcher.o)
 .debug_line    0x0000000000001202      0x164 /opt/devkitpro/libgba/lib/libgba.a(CpuSet.o)

.debug_frame    0x0000000000000000      0x208
 *(.debug_frame)
 .debug_frame   0x0000000000000000       0x28 template.o
 .debug_frame   0x0000000000000028       0xb0 /opt/devkitpro/libgba/lib/libgba.a(interrupt.o)
 .debug_frame   0x00000000000000d8      0x100 /opt/devkitpro/libgba/lib/libgba.a(console.o)
 .debug_frame   0x00000000000001d8       0x30 /opt/devkitpro/libgba/lib/libgba.a(CpuSet.o)

.debug_str      0x0000000000000000     0x1010
 *(.debug_str)
 .debug_str     0x0000000000000000      0x205 template.o
                                        0x23e (size before relaxing)
 .debug_str     0x0000000000000205      0x1cc /opt/devkitpro/libgba/lib/libgba.a(interrupt.o)
                                        0x310 (size before relaxing)
 .debug_str     0x00000000000003d1      0xb85 /opt/devkitpro/libgba/lib/libgba.a(console.o)
                                        0xe18 (size before relaxing)
 .debug_str     0x0000000000000f56       0x60 /opt/devkitpro/libgba/lib/libgba.a(InterruptDispatcher.o)
                                         0xa0 (size before relaxing)
 .debug_str     0x0000000000000fb6       0x5a /opt/devkitpro/libgba/lib/libgba.a(CpuSet.o)
                                        0x18e (size before relaxing)

.debug_loc      0x0000000000000000     0x191c
 *(.debug_loc)
 .debug_loc     0x0000000000000000      0x446 /opt/devkitpro/libgba/lib/libgba.a(interrupt.o)
 .debug_loc     0x0000000000000446     0x13f8 /opt/devkitpro/libgba/lib/libgba.a(console.o)
 .debug_loc     0x000000000000183e       0xde /opt/devkitpro/libgba/lib/libgba.a(CpuSet.o)

.debug_macinfo
 *(.debug_macinfo)

.debug_weaknames
 *(.debug_weaknames)

.debug_funcnames
 *(.debug_funcnames)

.debug_typenames
 *(.debug_typenames)

.debug_varnames
 *(.debug_varnames)

.stack          0x0000000000080000        0x0
                0x0000000000080000                _stack = .
 *(.stack)

.note.gnu.arm.ident
 *(.note.gnu.arm.ident)

.ARM.attributes
                0x0000000000000000       0x2c
 *(.ARM.attributes)
 .ARM.attributes
                0x0000000000000000       0x20 /opt/devkitpro/devkitARM/bin/../lib/gcc/arm-none-eabi/12.2.0/../../../../arm-none-eabi/lib/thumb/gba_crt0.o
 .ARM.attributes
                0x0000000000000020       0x1c /opt/devkitpro/devkitARM/bin/../lib/gcc/arm-none-eabi/12.2.0/thumb/crti.o
 .ARM.attributes
                0x000000000000003c       0x2a /opt/devkitpro/devkitARM/bin/../lib/gcc/arm-none-eabi/12.2.0/thumb/crtbegin.o
 .ARM.attributes
                0x0000000000000066       0x2a template.o
 .ARM.attributes
                0x0000000000000090       0x2a /opt/devkitpro/libgba/lib/libgba.a(interrupt.o)
 .ARM.attributes
                0x00000000000000ba       0x2a /opt/devkitpro/libgba/lib/libgba.a(console.o)
 .ARM.attributes
                0x00000000000000e4       0x1a /opt/devkitpro/libgba/lib/libgba.a(InterruptDispatcher.o)
 .ARM.attributes
                0x00000000000000fe       0x14 /opt/devkitpro/libgba/lib/libgba.a(amiga.fnt.o)
 .ARM.attributes
                0x0000000000000112       0x2a /opt/devkitpro/libgba/lib/libgba.a(CpuSet.o)
 .ARM.attributes
                0x000000000000013c       0x2a /opt/devkitpro/devkitARM/bin/../lib/gcc/arm-none-eabi/12.2.0/../../../../arm-none-eabi/lib/thumb/libg.a(lib_a-init.o)
 .ARM.attributes
                0x0000000000000166       0x2a /opt/devkitpro/devkitARM/bin/../lib/gcc/arm-none-eabi/12.2.0/../../../../arm-none-eabi/lib/thumb/libg.a(lib_a-iprintf.o)
 .ARM.attributes
                0x0000000000000190       0x2a /opt/devkitpro/devkitARM/bin/../lib/gcc/arm-none-eabi/12.2.0/../../../../arm-none-eabi/lib/thumb/libg.a(lib_a-setvbuf.o)
 .ARM.attributes
                0x00000000000001ba       0x2a /opt/devkitpro/devkitARM/bin/../lib/gcc/arm-none-eabi/12.2.0/../../../../arm-none-eabi/lib/thumb/libg.a(lib_a-siscanf.o)
 .ARM.attributes
                0x00000000000001e4       0x2a /opt/devkitpro/devkitARM/bin/../lib/gcc/arm-none-eabi/12.2.0/../../../../arm-none-eabi/lib/thumb/libg.a(lib_a-stdio.o)
 .ARM.attributes
                0x000000000000020e       0x2a /opt/devkitpro/devkitARM/bin/../lib/gcc/arm-none-eabi/12.2.0/../../../../arm-none-eabi/lib/thumb/libg.a(lib_a-strlen-stub.o)
 .ARM.attributes
                0x0000000000000238       0x2a /opt/devkitpro/devkitARM/bin/../lib/gcc/arm-none-eabi/12.2.0/../../../../arm-none-eabi/lib/thumb/libg.a(lib_a-svfiscanf.o)
 .ARM.attributes
                0x0000000000000262       0x2a /opt/devkitpro/devkitARM/bin/../lib/gcc/arm-none-eabi/12.2.0/../../../../arm-none-eabi/lib/thumb/libg.a(lib_a-ungetc.o)
 .ARM.attributes
                0x000000000000028c       0x2a /opt/devkitpro/devkitARM/bin/../lib/gcc/arm-none-eabi/12.2.0/../../../../arm-none-eabi/lib/thumb/libg.a(lib_a-vfiprintf.o)
 .ARM.attributes
                0x00000000000002b6       0x2a /opt/devkitpro/devkitARM/bin/../lib/gcc/arm-none-eabi/12.2.0/../../../../arm-none-eabi/lib/thumb/libg.a(lib_a-wcrtomb.o)
 .ARM.attributes
                0x00000000000002e0       0x2a /opt/devkitpro/devkitARM/bin/../lib/gcc/arm-none-eabi/12.2.0/../../../../arm-none-eabi/lib/thumb/libg.a(lib_a-wcsrtombs.o)
 .ARM.attributes
                0x000000000000030a       0x2a /opt/devkitpro/devkitARM/bin/../lib/gcc/arm-none-eabi/12.2.0/../../../../arm-none-eabi/lib/thumb/libg.a(lib_a-wsetup.o)
 .ARM.attributes
                0x0000000000000334       0x2a /opt/devkitpro/devkitARM/bin/../lib/gcc/arm-none-eabi/12.2.0/../../../../arm-none-eabi/lib/thumb/libg.a(lib_a-ctype_.o)
 .ARM.attributes
                0x000000000000035e       0x2a /opt/devkitpro/devkitARM/bin/../lib/gcc/arm-none-eabi/12.2.0/../../../../arm-none-eabi/lib/thumb/libg.a(lib_a-fflush.o)
 .ARM.attributes
                0x0000000000000388       0x2a /opt/devkitpro/devkitARM/bin/../lib/gcc/arm-none-eabi/12.2.0/../../../../arm-none-eabi/lib/thumb/libg.a(lib_a-findfp.o)
 .ARM.attributes
                0x00000000000003b2       0x2a /opt/devkitpro/devkitARM/bin/../lib/gcc/arm-none-eabi/12.2.0/../../../../arm-none-eabi/lib/thumb/libg.a(lib_a-freer.o)
 .ARM.attributes
                0x00000000000003dc       0x2a /opt/devkitpro/devkitARM/bin/../lib/gcc/arm-none-eabi/12.2.0/../../../../arm-none-eabi/lib/thumb/libg.a(lib_a-fvwrite.o)
 .ARM.attributes
                0x0000000000000406       0x2a /opt/devkitpro/devkitARM/bin/../lib/gcc/arm-none-eabi/12.2.0/../../../../arm-none-eabi/lib/thumb/libg.a(lib_a-fwalk.o)
 .ARM.attributes
                0x0000000000000430       0x2a /opt/devkitpro/devkitARM/bin/../lib/gcc/arm-none-eabi/12.2.0/../../../../arm-none-eabi/lib/thumb/libg.a(lib_a-impure.o)
 .ARM.attributes
                0x000000000000045a       0x2a /opt/devkitpro/devkitARM/bin/../lib/gcc/arm-none-eabi/12.2.0/../../../../arm-none-eabi/lib/thumb/libg.a(lib_a-iswspace.o)
 .ARM.attributes
                0x0000000000000484       0x2a /opt/devkitpro/devkitARM/bin/../lib/gcc/arm-none-eabi/12.2.0/../../../../arm-none-eabi/lib/thumb/libg.a(lib_a-localeconv.o)
 .ARM.attributes
                0x00000000000004ae       0x2a /opt/devkitpro/devkitARM/bin/../lib/gcc/arm-none-eabi/12.2.0/../../../../arm-none-eabi/lib/thumb/libg.a(lib_a-locale.o)
 .ARM.attributes
                0x00000000000004d8       0x2a /opt/devkitpro/devkitARM/bin/../lib/gcc/arm-none-eabi/12.2.0/../../../../arm-none-eabi/lib/thumb/libg.a(lib_a-makebuf.o)
 .ARM.attributes
                0x0000000000000502       0x2a /opt/devkitpro/devkitARM/bin/../lib/gcc/arm-none-eabi/12.2.0/../../../../arm-none-eabi/lib/thumb/libg.a(lib_a-malloc.o)
 .ARM.attributes
                0x000000000000052c       0x2a /opt/devkitpro/devkitARM/bin/../lib/gcc/arm-none-eabi/12.2.0/../../../../arm-none-eabi/lib/thumb/libg.a(lib_a-mallocr.o)
 .ARM.attributes
                0x0000000000000556       0x2a /opt/devkitpro/devkitARM/bin/../lib/gcc/arm-none-eabi/12.2.0/../../../../arm-none-eabi/lib/thumb/libg.a(lib_a-mbrtowc.o)
 .ARM.attributes
                0x0000000000000580       0x2a /opt/devkitpro/devkitARM/bin/../lib/gcc/arm-none-eabi/12.2.0/../../../../arm-none-eabi/lib/thumb/libg.a(lib_a-mbtowc_r.o)
 .ARM.attributes
                0x00000000000005aa       0x2a /opt/devkitpro/devkitARM/bin/../lib/gcc/arm-none-eabi/12.2.0/../../../../arm-none-eabi/lib/thumb/libg.a(lib_a-memchr-stub.o)
 .ARM.attributes
                0x00000000000005d4       0x2a /opt/devkitpro/devkitARM/bin/../lib/gcc/arm-none-eabi/12.2.0/../../../../arm-none-eabi/lib/thumb/libg.a(lib_a-memcpy-stub.o)
 .ARM.attributes
                0x00000000000005fe       0x2a /opt/devkitpro/devkitARM/bin/../lib/gcc/arm-none-eabi/12.2.0/../../../../arm-none-eabi/lib/thumb/libg.a(lib_a-memmove.o)
 .ARM.attributes
                0x0000000000000628       0x2a /opt/devkitpro/devkitARM/bin/../lib/gcc/arm-none-eabi/12.2.0/../../../../arm-none-eabi/lib/thumb/libg.a(lib_a-memset.o)
 .ARM.attributes
                0x0000000000000652       0x2a /opt/devkitpro/devkitARM/bin/../lib/gcc/arm-none-eabi/12.2.0/../../../../arm-none-eabi/lib/thumb/libg.a(lib_a-mlock.o)
 .ARM.attributes
                0x000000000000067c       0x2a /opt/devkitpro/devkitARM/bin/../lib/gcc/arm-none-eabi/12.2.0/../../../../arm-none-eabi/lib/thumb/libg.a(lib_a-realloc.o)
 .ARM.attributes
                0x00000000000006a6       0x2a /opt/devkitpro/devkitARM/bin/../lib/gcc/arm-none-eabi/12.2.0/../../../../arm-none-eabi/lib/thumb/libg.a(lib_a-reallocr.o)
 .ARM.attributes
                0x00000000000006d0       0x2a /opt/devkitpro/devkitARM/bin/../lib/gcc/arm-none-eabi/12.2.0/../../../../arm-none-eabi/lib/thumb/libg.a(lib_a-sccl.o)
 .ARM.attributes
                0x00000000000006fa       0x2a /opt/devkitpro/devkitARM/bin/../lib/gcc/arm-none-eabi/12.2.0/../../../../arm-none-eabi/lib/thumb/libg.a(lib_a-strcasecmp.o)
 .ARM.attributes
                0x0000000000000724       0x2a /opt/devkitpro/devkitARM/bin/../lib/gcc/arm-none-eabi/12.2.0/../../../../arm-none-eabi/lib/thumb/libg.a(lib_a-strcat.o)
 .ARM.attributes
                0x000000000000074e       0x2a /opt/devkitpro/devkitARM/bin/../lib/gcc/arm-none-eabi/12.2.0/../../../../arm-none-eabi/lib/thumb/libg.a(lib_a-strchr.o)
 .ARM.attributes
                0x0000000000000778       0x1a /opt/devkitpro/devkitARM/bin/../lib/gcc/arm-none-eabi/12.2.0/../../../../arm-none-eabi/lib/thumb/libg.a(lib_a-strcmp.o)
 .ARM.attributes
                0x0000000000000792       0x2a /opt/devkitpro/devkitARM/bin/../lib/gcc/arm-none-eabi/12.2.0/../../../../arm-none-eabi/lib/thumb/libg.a(lib_a-strcpy.o)
 .ARM.attributes
                0x00000000000007bc       0x2a /opt/devkitpro/devkitARM/bin/../lib/gcc/arm-none-eabi/12.2.0/../../../../arm-none-eabi/lib/thumb/libg.a(lib_a-strlcpy.o)
 .ARM.attributes
                0x00000000000007e6       0x2a /opt/devkitpro/devkitARM/bin/../lib/gcc/arm-none-eabi/12.2.0/../../../../arm-none-eabi/lib/thumb/libg.a(lib_a-strncasecmp.o)
 .ARM.attributes
                0x0000000000000810       0x2a /opt/devkitpro/devkitARM/bin/../lib/gcc/arm-none-eabi/12.2.0/../../../../arm-none-eabi/lib/thumb/libg.a(lib_a-strncpy.o)
 .ARM.attributes
                0x000000000000083a       0x2a /opt/devkitpro/devkitARM/bin/../lib/gcc/arm-none-eabi/12.2.0/../../../../arm-none-eabi/lib/thumb/libg.a(lib_a-strtoll.o)
 .ARM.attributes
                0x0000000000000864       0x2a /opt/devkitpro/devkitARM/bin/../lib/gcc/arm-none-eabi/12.2.0/../../../../arm-none-eabi/lib/thumb/libg.a(lib_a-strtol.o)
 .ARM.attributes
                0x000000000000088e       0x2a /opt/devkitpro/devkitARM/bin/../lib/gcc/arm-none-eabi/12.2.0/../../../../arm-none-eabi/lib/thumb/libg.a(lib_a-strtoull.o)
 .ARM.attributes
                0x00000000000008b8       0x2a /opt/devkitpro/devkitARM/bin/../lib/gcc/arm-none-eabi/12.2.0/../../../../arm-none-eabi/lib/thumb/libg.a(lib_a-strtoul.o)
 .ARM.attributes
                0x00000000000008e2       0x2a /opt/devkitpro/devkitARM/bin/../lib/gcc/arm-none-eabi/12.2.0/../../../../arm-none-eabi/lib/thumb/libg.a(lib_a-svfiprintf.o)
 .ARM.attributes
                0x000000000000090c       0x2a /opt/devkitpro/devkitARM/bin/../lib/gcc/arm-none-eabi/12.2.0/../../../../arm-none-eabi/lib/thumb/libg.a(lib_a-wcsnrtombs.o)
 .ARM.attributes
                0x0000000000000936       0x2a /opt/devkitpro/devkitARM/bin/../lib/gcc/arm-none-eabi/12.2.0/../../../../arm-none-eabi/lib/thumb/libg.a(lib_a-wctomb_r.o)
 .ARM.attributes
                0x0000000000000960       0x2a /opt/devkitpro/devkitARM/bin/../lib/gcc/arm-none-eabi/12.2.0/../../../../arm-none-eabi/lib/thumb/libg.a(lib_a-errno.o)
 .ARM.attributes
                0x000000000000098a       0x2a /opt/devkitpro/devkitARM/bin/../lib/gcc/arm-none-eabi/12.2.0/../../../../arm-none-eabi/lib/thumb/libg.a(lib_a-fclose.o)
 .ARM.attributes
                0x00000000000009b4       0x2a /opt/devkitpro/devkitARM/bin/../lib/gcc/arm-none-eabi/12.2.0/../../../../arm-none-eabi/lib/thumb/libg.a(lib_a-getenv_r.o)
 .ARM.attributes
                0x00000000000009de       0x2a /opt/devkitpro/devkitARM/bin/../lib/gcc/arm-none-eabi/12.2.0/../../../../arm-none-eabi/lib/thumb/libg.a(lib_a-iswspace_l.o)
 .ARM.attributes
                0x0000000000000a08       0x2a /opt/devkitpro/devkitARM/bin/../lib/gcc/arm-none-eabi/12.2.0/../../../../arm-none-eabi/lib/thumb/libg.a(lib_a-jp2uc.o)
 .ARM.attributes
                0x0000000000000a32       0x2a /opt/devkitpro/devkitARM/bin/../lib/gcc/arm-none-eabi/12.2.0/../../../../arm-none-eabi/lib/thumb/libg.a(lib_a-strncmp.o)
 .ARM.attributes
                0x0000000000000a5c       0x2a /opt/devkitpro/devkitARM/bin/../lib/gcc/arm-none-eabi/12.2.0/../../../../arm-none-eabi/lib/thumb/libg.a(lib_a-categories.o)
 .ARM.attributes
                0x0000000000000a86       0x2a /opt/devkitpro/devkitARM/bin/../lib/gcc/arm-none-eabi/12.2.0/../../../../arm-none-eabi/lib/thumb/libg.a(lib_a-environ.o)
 .ARM.attributes
                0x0000000000000ab0       0x2a /opt/devkitpro/devkitARM/bin/../lib/gcc/arm-none-eabi/12.2.0/../../../../arm-none-eabi/lib/thumb/libg.a(lib_a-envlock.o)
 .ARM.attributes
                0x0000000000000ada       0x2a /opt/devkitpro/devkitARM/bin/../lib/gcc/arm-none-eabi/12.2.0/../../../../arm-none-eabi/lib/thumb/libsysbase.a(iosupport.o)
 .ARM.attributes
                0x0000000000000b04       0x2a /opt/devkitpro/devkitARM/bin/../lib/gcc/arm-none-eabi/12.2.0/../../../../arm-none-eabi/lib/thumb/libsysbase.a(fstat.o)
 .ARM.attributes
                0x0000000000000b2e       0x2a /opt/devkitpro/devkitARM/bin/../lib/gcc/arm-none-eabi/12.2.0/../../../../arm-none-eabi/lib/thumb/libsysbase.a(isatty.o)
 .ARM.attributes
                0x0000000000000b58       0x2a /opt/devkitpro/devkitARM/bin/../lib/gcc/arm-none-eabi/12.2.0/../../../../arm-none-eabi/lib/thumb/libsysbase.a(lseek.o)
 .ARM.attributes
                0x0000000000000b82       0x2a /opt/devkitpro/devkitARM/bin/../lib/gcc/arm-none-eabi/12.2.0/../../../../arm-none-eabi/lib/thumb/libsysbase.a(read.o)
 .ARM.attributes
                0x0000000000000bac       0x2a /opt/devkitpro/devkitARM/bin/../lib/gcc/arm-none-eabi/12.2.0/../../../../arm-none-eabi/lib/thumb/libsysbase.a(sbrk.o)
 .ARM.attributes
                0x0000000000000bd6       0x2a /opt/devkitpro/devkitARM/bin/../lib/gcc/arm-none-eabi/12.2.0/../../../../arm-none-eabi/lib/thumb/libsysbase.a(write.o)
 .ARM.attributes
                0x0000000000000c00       0x2a /opt/devkitpro/devkitARM/bin/../lib/gcc/arm-none-eabi/12.2.0/../../../../arm-none-eabi/lib/thumb/libsysbase.a(malloc_vars.o)
 .ARM.attributes
                0x0000000000000c2a       0x2a /opt/devkitpro/devkitARM/bin/../lib/gcc/arm-none-eabi/12.2.0/../../../../arm-none-eabi/lib/thumb/libsysbase.a(flock.o)
 .ARM.attributes
                0x0000000000000c54       0x2a /opt/devkitpro/devkitARM/bin/../lib/gcc/arm-none-eabi/12.2.0/../../../../arm-none-eabi/lib/thumb/libsysbase.a(handle_manager.o)
 .ARM.attributes
                0x0000000000000c7e       0x2a /opt/devkitpro/devkitARM/bin/../lib/gcc/arm-none-eabi/12.2.0/../../../../arm-none-eabi/lib/thumb/libsysbase.a(getreent.o)
 .ARM.attributes
                0x0000000000000ca8       0x2a /opt/devkitpro/devkitARM/bin/../lib/gcc/arm-none-eabi/12.2.0/../../../../arm-none-eabi/lib/thumb/libsysbase.a(syscall_support.o)
 .ARM.attributes
                0x0000000000000cd2       0x1c /opt/devkitpro/devkitARM/bin/../lib/gcc/arm-none-eabi/12.2.0/thumb/libgcc.a(_thumb1_case_uqi.o)
 .ARM.attributes
                0x0000000000000cee       0x1c /opt/devkitpro/devkitARM/bin/../lib/gcc/arm-none-eabi/12.2.0/thumb/libgcc.a(_thumb1_case_uhi.o)
 .ARM.attributes
                0x0000000000000d0a       0x1c /opt/devkitpro/devkitARM/bin/../lib/gcc/arm-none-eabi/12.2.0/thumb/libgcc.a(_udivsi3.o)
 .ARM.attributes
                0x0000000000000d26       0x1c /opt/devkitpro/devkitARM/bin/../lib/gcc/arm-none-eabi/12.2.0/thumb/libgcc.a(_divsi3.o)
 .ARM.attributes
                0x0000000000000d42       0x1c /opt/devkitpro/devkitARM/bin/../lib/gcc/arm-none-eabi/12.2.0/thumb/libgcc.a(_dvmd_tls.o)
 .ARM.attributes
                0x0000000000000d5e       0x1c /opt/devkitpro/devkitARM/bin/../lib/gcc/arm-none-eabi/12.2.0/thumb/libgcc.a(_aeabi_uldivmod.o)
 .ARM.attributes
                0x0000000000000d7a       0x2a /opt/devkitpro/devkitARM/bin/../lib/gcc/arm-none-eabi/12.2.0/thumb/libgcc.a(_muldi3.o)
 .ARM.attributes
                0x0000000000000da4       0x2a /opt/devkitpro/devkitARM/bin/../lib/gcc/arm-none-eabi/12.2.0/thumb/libgcc.a(_udivmoddi4.o)
 .ARM.attributes
                0x0000000000000dce       0x1c /opt/devkitpro/devkitARM/bin/../lib/gcc/arm-none-eabi/12.2.0/thumb/libgcc.a(_clzdi2.o)
 .ARM.attributes
                0x0000000000000dea       0x1c /opt/devkitpro/devkitARM/bin/../lib/gcc/arm-none-eabi/12.2.0/thumb/libgcc.a(_clzsi2.o)
 .ARM.attributes
                0x0000000000000e06       0x2a /opt/devkitpro/devkitARM/bin/../lib/gcc/arm-none-eabi/12.2.0/thumb/crtend.o
 .ARM.attributes
                0x0000000000000e30       0x1c /opt/devkitpro/devkitARM/bin/../lib/gcc/arm-none-eabi/12.2.0/thumb/crtn.o

/DISCARD/
 *(.note.GNU-stack)
LOAD /opt/devkitpro/devkitARM/bin/../lib/gcc/arm-none-eabi/12.2.0/../../../../arm-none-eabi/lib/thumb/gba_crt0.o
LOAD /opt/devkitpro/devkitARM/bin/../lib/gcc/arm-none-eabi/12.2.0/thumb/crti.o
LOAD /opt/devkitpro/devkitARM/bin/../lib/gcc/arm-none-eabi/12.2.0/thumb/crtbegin.o
LOAD template.o
LOAD /opt/devkitpro/libgba/lib/libmm.a
LOAD /opt/devkitpro/libgba/lib/libgba.a
START GROUP
LOAD /opt/devkitpro/devkitARM/bin/../lib/gcc/arm-none-eabi/12.2.0/thumb/libgcc.a
LOAD /opt/devkitpro/devkitARM/bin/../lib/gcc/arm-none-eabi/12.2.0/../../../../arm-none-eabi/lib/thumb/libg.a
LOAD /opt/devkitpro/devkitARM/bin/../lib/gcc/arm-none-eabi/12.2.0/../../../../arm-none-eabi/lib/thumb/libc.a
LOAD /opt/devkitpro/devkitARM/bin/../lib/gcc/arm-none-eabi/12.2.0/../../../../arm-none-eabi/lib/thumb/libsysbase.a
END GROUP
LOAD /opt/devkitpro/devkitARM/bin/../lib/gcc/arm-none-eabi/12.2.0/thumb/crtend.o
LOAD /opt/devkitpro/devkitARM/bin/../lib/gcc/arm-none-eabi/12.2.0/thumb/crtn.o
OUTPUT(/home/ubuntu/workspace/gba-examples/template/template.elf elf32-littlearm)
LOAD linker stubs

.debug_rnglists
                0x0000000000000000       0x13
 .debug_rnglists
                0x0000000000000000       0x13 template.o

.debug_ranges   0x0000000000000000      0x180
 .debug_ranges  0x0000000000000000       0x70 /opt/devkitpro/libgba/lib/libgba.a(interrupt.o)
 .debug_ranges  0x0000000000000070      0x100 /opt/devkitpro/libgba/lib/libgba.a(console.o)
 .debug_ranges  0x0000000000000170       0x10 /opt/devkitpro/libgba/lib/libgba.a(CpuSet.o)
